[2023-05-08T09:27:23.351+0800][gc] Using G1
[2023-05-08T09:27:23.351+0800][gc,init] Version: 17.0.2+8-LTS-86 (release)
[2023-05-08T09:27:23.351+0800][gc,init] CPUs: 8 total, 8 available
[2023-05-08T09:27:23.351+0800][gc,init] Memory: 8192M
[2023-05-08T09:27:23.351+0800][gc,init] Large Page Support: Disabled
[2023-05-08T09:27:23.351+0800][gc,init] NUMA Support: Disabled
[2023-05-08T09:27:23.351+0800][gc,init] Compressed Oops: Enabled (Zero based)
[2023-05-08T09:27:23.351+0800][gc,init] Heap Region Size: 1M
[2023-05-08T09:27:23.351+0800][gc,init] Heap Min Capacity: 512M
[2023-05-08T09:27:23.351+0800][gc,init] Heap Initial Capacity: 512M
[2023-05-08T09:27:23.351+0800][gc,init] Heap Max Capacity: 512M
[2023-05-08T09:27:23.352+0800][gc,init] Pre-touch: Disabled
[2023-05-08T09:27:23.352+0800][gc,init] Parallel Workers: 8
[2023-05-08T09:27:23.352+0800][gc,init] Concurrent Workers: 2
[2023-05-08T09:27:23.352+0800][gc,init] Concurrent Refinement Workers: 8
[2023-05-08T09:27:23.352+0800][gc,init] Periodic GC: Disabled
[2023-05-08T09:27:23.352+0800][gc,metaspace] CDS archive(s) mapped at: [0x0000000800000000-0x0000000800bd8000-0x0000000800bd8000), size 12419072, SharedBaseAddress: 0x0000000800000000, ArchiveRelocationMode: 0.
[2023-05-08T09:27:23.352+0800][gc,metaspace] Compressed class space mapped at: 0x0000000800c00000-0x0000000840c00000, reserved size: 1073741824
[2023-05-08T09:27:23.352+0800][gc,metaspace] Narrow klass base: 0x0000000800000000, Narrow klass shift: 0, Narrow klass range: 0x100000000
[2023-05-08T09:27:24.012+0800][gc,start    ] GC(0) Pause Young (Normal) (G1 Evacuation Pause)
[2023-05-08T09:27:24.012+0800][gc,task     ] GC(0) Using 8 workers of 8 for evacuation
[2023-05-08T09:27:24.016+0800][gc,phases   ] GC(0)   Pre Evacuate Collection Set: 0.1ms
[2023-05-08T09:27:24.016+0800][gc,phases   ] GC(0)   Merge Heap Roots: 0.0ms
[2023-05-08T09:27:24.016+0800][gc,phases   ] GC(0)   Evacuate Collection Set: 3.4ms
[2023-05-08T09:27:24.016+0800][gc,phases   ] GC(0)   Post Evacuate Collection Set: 0.3ms
[2023-05-08T09:27:24.016+0800][gc,phases   ] GC(0)   Other: 0.3ms
[2023-05-08T09:27:24.016+0800][gc,heap     ] GC(0) Eden regions: 256->0(249)
[2023-05-08T09:27:24.016+0800][gc,heap     ] GC(0) Survivor regions: 0->7(32)
[2023-05-08T09:27:24.016+0800][gc,heap     ] GC(0) Old regions: 0->0
[2023-05-08T09:27:24.016+0800][gc,heap     ] GC(0) Archive regions: 2->2
[2023-05-08T09:27:24.016+0800][gc,heap     ] GC(0) Humongous regions: 0->0
[2023-05-08T09:27:24.016+0800][gc,metaspace] GC(0) Metaspace: 15167K(15360K)->15167K(15360K) NonClass: 13334K(13440K)->13334K(13440K) Class: 1833K(1920K)->1833K(1920K)
[2023-05-08T09:27:24.016+0800][gc          ] GC(0) Pause Young (Normal) (G1 Evacuation Pause) 256M->7M(512M) 4.272ms
[2023-05-08T09:27:24.016+0800][gc,cpu      ] GC(0) User=0.02s Sys=0.00s Real=0.00s
[2023-05-08T09:27:24.341+0800][gc,start    ] GC(1) Pause Young (Concurrent Start) (Metadata GC Threshold)
[2023-05-08T09:27:24.341+0800][gc,task     ] GC(1) Using 8 workers of 8 for evacuation
[2023-05-08T09:27:24.344+0800][gc,phases   ] GC(1)   Pre Evacuate Collection Set: 0.1ms
[2023-05-08T09:27:24.344+0800][gc,phases   ] GC(1)   Merge Heap Roots: 0.0ms
[2023-05-08T09:27:24.344+0800][gc,phases   ] GC(1)   Evacuate Collection Set: 2.7ms
[2023-05-08T09:27:24.344+0800][gc,phases   ] GC(1)   Post Evacuate Collection Set: 0.3ms
[2023-05-08T09:27:24.344+0800][gc,phases   ] GC(1)   Other: 0.1ms
[2023-05-08T09:27:24.344+0800][gc,heap     ] GC(1) Eden regions: 227->0(247)
[2023-05-08T09:27:24.344+0800][gc,heap     ] GC(1) Survivor regions: 7->9(32)
[2023-05-08T09:27:24.344+0800][gc,heap     ] GC(1) Old regions: 0->0
[2023-05-08T09:27:24.344+0800][gc,heap     ] GC(1) Archive regions: 2->2
[2023-05-08T09:27:24.344+0800][gc,heap     ] GC(1) Humongous regions: 0->0
[2023-05-08T09:27:24.344+0800][gc,metaspace] GC(1) Metaspace: 21253K(21504K)->21253K(21504K) NonClass: 18616K(18752K)->18616K(18752K) Class: 2637K(2752K)->2637K(2752K)
[2023-05-08T09:27:24.345+0800][gc          ] GC(1) Pause Young (Concurrent Start) (Metadata GC Threshold) 234M->9M(512M) 3.290ms
[2023-05-08T09:27:24.345+0800][gc,cpu      ] GC(1) User=0.02s Sys=0.01s Real=0.00s
[2023-05-08T09:27:24.345+0800][gc          ] GC(2) Concurrent Mark Cycle
[2023-05-08T09:27:24.345+0800][gc,marking  ] GC(2) Concurrent Clear Claimed Marks
[2023-05-08T09:27:24.345+0800][gc,marking  ] GC(2) Concurrent Clear Claimed Marks 0.014ms
[2023-05-08T09:27:24.345+0800][gc,marking  ] GC(2) Concurrent Scan Root Regions
[2023-05-08T09:27:24.347+0800][gc,marking  ] GC(2) Concurrent Scan Root Regions 2.644ms
[2023-05-08T09:27:24.347+0800][gc,marking  ] GC(2) Concurrent Mark
[2023-05-08T09:27:24.347+0800][gc,marking  ] GC(2) Concurrent Mark From Roots
[2023-05-08T09:27:24.347+0800][gc,task     ] GC(2) Using 2 workers of 2 for marking
[2023-05-08T09:27:24.348+0800][gc,marking  ] GC(2) Concurrent Mark From Roots 1.010ms
[2023-05-08T09:27:24.348+0800][gc,marking  ] GC(2) Concurrent Preclean
[2023-05-08T09:27:24.348+0800][gc,marking  ] GC(2) Concurrent Preclean 0.012ms
[2023-05-08T09:27:24.348+0800][gc,start    ] GC(2) Pause Remark
[2023-05-08T09:27:24.350+0800][gc          ] GC(2) Pause Remark 10M->10M(512M) 1.334ms
[2023-05-08T09:27:24.350+0800][gc,cpu      ] GC(2) User=0.01s Sys=0.00s Real=0.01s
[2023-05-08T09:27:24.350+0800][gc,marking  ] GC(2) Concurrent Mark 2.507ms
[2023-05-08T09:27:24.350+0800][gc,marking  ] GC(2) Concurrent Rebuild Remembered Sets
[2023-05-08T09:27:24.350+0800][gc,marking  ] GC(2) Concurrent Rebuild Remembered Sets 0.004ms
[2023-05-08T09:27:24.350+0800][gc,start    ] GC(2) Pause Cleanup
[2023-05-08T09:27:24.350+0800][gc          ] GC(2) Pause Cleanup 10M->10M(512M) 0.006ms
[2023-05-08T09:27:24.350+0800][gc,cpu      ] GC(2) User=0.00s Sys=0.00s Real=0.00s
[2023-05-08T09:27:24.350+0800][gc,marking  ] GC(2) Concurrent Cleanup for Next Mark
[2023-05-08T09:27:24.351+0800][gc,marking  ] GC(2) Concurrent Cleanup for Next Mark 0.849ms
[2023-05-08T09:27:24.351+0800][gc          ] GC(2) Concurrent Mark Cycle 6.175ms
[2023-05-08T09:27:24.699+0800][gc,start    ] GC(3) Pause Young (Normal) (G1 Evacuation Pause)
[2023-05-08T09:27:24.699+0800][gc,task     ] GC(3) Using 8 workers of 8 for evacuation
[2023-05-08T09:27:24.703+0800][gc,phases   ] GC(3)   Pre Evacuate Collection Set: 0.1ms
[2023-05-08T09:27:24.703+0800][gc,phases   ] GC(3)   Merge Heap Roots: 0.1ms
[2023-05-08T09:27:24.703+0800][gc,phases   ] GC(3)   Evacuate Collection Set: 3.3ms
[2023-05-08T09:27:24.703+0800][gc,phases   ] GC(3)   Post Evacuate Collection Set: 0.5ms
[2023-05-08T09:27:24.703+0800][gc,phases   ] GC(3)   Other: 0.1ms
[2023-05-08T09:27:24.703+0800][gc,heap     ] GC(3) Eden regions: 247->0(243)
[2023-05-08T09:27:24.703+0800][gc,heap     ] GC(3) Survivor regions: 9->13(32)
[2023-05-08T09:27:24.703+0800][gc,heap     ] GC(3) Old regions: 0->0
[2023-05-08T09:27:24.703+0800][gc,heap     ] GC(3) Archive regions: 2->2
[2023-05-08T09:27:24.703+0800][gc,heap     ] GC(3) Humongous regions: 0->0
[2023-05-08T09:27:24.703+0800][gc,metaspace] GC(3) Metaspace: 23348K(23616K)->23348K(23616K) NonClass: 20486K(20608K)->20486K(20608K) Class: 2862K(3008K)->2862K(3008K)
[2023-05-08T09:27:24.703+0800][gc          ] GC(3) Pause Young (Normal) (G1 Evacuation Pause) 256M->13M(512M) 4.204ms
[2023-05-08T09:27:24.703+0800][gc,cpu      ] GC(3) User=0.03s Sys=0.00s Real=0.01s
[2023-05-08T09:27:25.222+0800][gc,start    ] GC(4) Pause Young (Normal) (G1 Evacuation Pause)
[2023-05-08T09:27:25.222+0800][gc,task     ] GC(4) Using 8 workers of 8 for evacuation
[2023-05-08T09:27:25.228+0800][gc,phases   ] GC(4)   Pre Evacuate Collection Set: 0.1ms
[2023-05-08T09:27:25.228+0800][gc,phases   ] GC(4)   Merge Heap Roots: 0.0ms
[2023-05-08T09:27:25.228+0800][gc,phases   ] GC(4)   Evacuate Collection Set: 5.6ms
[2023-05-08T09:27:25.228+0800][gc,phases   ] GC(4)   Post Evacuate Collection Set: 0.5ms
[2023-05-08T09:27:25.228+0800][gc,phases   ] GC(4)   Other: 0.1ms
[2023-05-08T09:27:25.228+0800][gc,heap     ] GC(4) Eden regions: 243->0(238)
[2023-05-08T09:27:25.228+0800][gc,heap     ] GC(4) Survivor regions: 13->18(32)
[2023-05-08T09:27:25.228+0800][gc,heap     ] GC(4) Old regions: 0->0
[2023-05-08T09:27:25.228+0800][gc,heap     ] GC(4) Archive regions: 2->2
[2023-05-08T09:27:25.228+0800][gc,heap     ] GC(4) Humongous regions: 0->0
[2023-05-08T09:27:25.228+0800][gc,metaspace] GC(4) Metaspace: 29098K(29504K)->29098K(29504K) NonClass: 25472K(25664K)->25472K(25664K) Class: 3625K(3840K)->3625K(3840K)
[2023-05-08T09:27:25.228+0800][gc          ] GC(4) Pause Young (Normal) (G1 Evacuation Pause) 256M->18M(512M) 6.435ms
[2023-05-08T09:27:25.228+0800][gc,cpu      ] GC(4) User=0.04s Sys=0.01s Real=0.00s
[2023-05-08T09:27:25.761+0800][gc,start    ] GC(5) Pause Young (Concurrent Start) (Metadata GC Threshold)
[2023-05-08T09:27:25.761+0800][gc,task     ] GC(5) Using 8 workers of 8 for evacuation
[2023-05-08T09:27:25.769+0800][gc,phases   ] GC(5)   Pre Evacuate Collection Set: 0.1ms
[2023-05-08T09:27:25.769+0800][gc,phases   ] GC(5)   Merge Heap Roots: 0.1ms
[2023-05-08T09:27:25.769+0800][gc,phases   ] GC(5)   Evacuate Collection Set: 7.3ms
[2023-05-08T09:27:25.769+0800][gc,phases   ] GC(5)   Post Evacuate Collection Set: 0.7ms
[2023-05-08T09:27:25.769+0800][gc,phases   ] GC(5)   Other: 0.1ms
[2023-05-08T09:27:25.769+0800][gc,heap     ] GC(5) Eden regions: 154->0(240)
[2023-05-08T09:27:25.769+0800][gc,heap     ] GC(5) Survivor regions: 18->16(32)
[2023-05-08T09:27:25.769+0800][gc,heap     ] GC(5) Old regions: 0->6
[2023-05-08T09:27:25.769+0800][gc,heap     ] GC(5) Archive regions: 2->2
[2023-05-08T09:27:25.769+0800][gc,heap     ] GC(5) Humongous regions: 0->0
[2023-05-08T09:27:25.769+0800][gc,metaspace] GC(5) Metaspace: 35647K(35968K)->35647K(35968K) NonClass: 31265K(31424K)->31265K(31424K) Class: 4382K(4544K)->4382K(4544K)
[2023-05-08T09:27:25.769+0800][gc          ] GC(5) Pause Young (Concurrent Start) (Metadata GC Threshold) 172M->22M(512M) 8.320ms
[2023-05-08T09:27:25.769+0800][gc,cpu      ] GC(5) User=0.04s Sys=0.01s Real=0.00s
[2023-05-08T09:27:25.769+0800][gc          ] GC(6) Concurrent Mark Cycle
[2023-05-08T09:27:25.769+0800][gc,marking  ] GC(6) Concurrent Clear Claimed Marks
[2023-05-08T09:27:25.769+0800][gc,marking  ] GC(6) Concurrent Clear Claimed Marks 0.023ms
[2023-05-08T09:27:25.769+0800][gc,marking  ] GC(6) Concurrent Scan Root Regions
[2023-05-08T09:27:25.774+0800][gc,marking  ] GC(6) Concurrent Scan Root Regions 4.446ms
[2023-05-08T09:27:25.774+0800][gc,marking  ] GC(6) Concurrent Mark
[2023-05-08T09:27:25.774+0800][gc,marking  ] GC(6) Concurrent Mark From Roots
[2023-05-08T09:27:25.774+0800][gc,task     ] GC(6) Using 2 workers of 2 for marking
[2023-05-08T09:27:25.774+0800][gc,marking  ] GC(6) Concurrent Mark From Roots 0.752ms
[2023-05-08T09:27:25.774+0800][gc,marking  ] GC(6) Concurrent Preclean
[2023-05-08T09:27:25.774+0800][gc,marking  ] GC(6) Concurrent Preclean 0.012ms
[2023-05-08T09:27:25.775+0800][gc,start    ] GC(6) Pause Remark
[2023-05-08T09:27:25.776+0800][gc          ] GC(6) Pause Remark 24M->24M(512M) 1.065ms
[2023-05-08T09:27:25.776+0800][gc,cpu      ] GC(6) User=0.00s Sys=0.00s Real=0.00s
[2023-05-08T09:27:25.776+0800][gc,marking  ] GC(6) Concurrent Mark 1.995ms
[2023-05-08T09:27:25.776+0800][gc,marking  ] GC(6) Concurrent Rebuild Remembered Sets
[2023-05-08T09:27:25.777+0800][gc,marking  ] GC(6) Concurrent Rebuild Remembered Sets 1.640ms
[2023-05-08T09:27:25.777+0800][gc,start    ] GC(6) Pause Cleanup
[2023-05-08T09:27:25.777+0800][gc          ] GC(6) Pause Cleanup 25M->25M(512M) 0.088ms
[2023-05-08T09:27:25.777+0800][gc,cpu      ] GC(6) User=0.00s Sys=0.00s Real=0.00s
[2023-05-08T09:27:25.778+0800][gc,marking  ] GC(6) Concurrent Cleanup for Next Mark
[2023-05-08T09:27:25.778+0800][gc,marking  ] GC(6) Concurrent Cleanup for Next Mark 0.642ms
[2023-05-08T09:27:25.778+0800][gc          ] GC(6) Concurrent Mark Cycle 9.117ms
[2023-05-08T09:27:26.588+0800][gc,start    ] GC(7) Pause Young (Normal) (G1 Evacuation Pause)
[2023-05-08T09:27:26.588+0800][gc,task     ] GC(7) Using 8 workers of 8 for evacuation
[2023-05-08T09:27:26.595+0800][gc,phases   ] GC(7)   Pre Evacuate Collection Set: 0.1ms
[2023-05-08T09:27:26.595+0800][gc,phases   ] GC(7)   Merge Heap Roots: 0.1ms
[2023-05-08T09:27:26.595+0800][gc,phases   ] GC(7)   Evacuate Collection Set: 6.6ms
[2023-05-08T09:27:26.595+0800][gc,phases   ] GC(7)   Post Evacuate Collection Set: 0.5ms
[2023-05-08T09:27:26.595+0800][gc,phases   ] GC(7)   Other: 0.1ms
[2023-05-08T09:27:26.595+0800][gc,heap     ] GC(7) Eden regions: 240->0(231)
[2023-05-08T09:27:26.595+0800][gc,heap     ] GC(7) Survivor regions: 16->25(32)
[2023-05-08T09:27:26.595+0800][gc,heap     ] GC(7) Old regions: 6->6
[2023-05-08T09:27:26.595+0800][gc,heap     ] GC(7) Archive regions: 2->2
[2023-05-08T09:27:26.595+0800][gc,heap     ] GC(7) Humongous regions: 5->5
[2023-05-08T09:27:26.595+0800][gc,metaspace] GC(7) Metaspace: 49224K(49600K)->49224K(49600K) NonClass: 43142K(43328K)->43142K(43328K) Class: 6082K(6272K)->6082K(6272K)
[2023-05-08T09:27:26.595+0800][gc          ] GC(7) Pause Young (Normal) (G1 Evacuation Pause) 267M->36M(512M) 7.374ms
[2023-05-08T09:27:26.595+0800][gc,cpu      ] GC(7) User=0.05s Sys=0.01s Real=0.01s
[2023-05-08T09:27:46.470+0800][gc,start    ] GC(8) Pause Young (Normal) (G1 Evacuation Pause)
[2023-05-08T09:27:46.470+0800][gc,task     ] GC(8) Using 8 workers of 8 for evacuation
[2023-05-08T09:27:46.526+0800][gc,phases   ] GC(8)   Pre Evacuate Collection Set: 0.6ms
[2023-05-08T09:27:46.526+0800][gc,phases   ] GC(8)   Merge Heap Roots: 0.2ms
[2023-05-08T09:27:46.526+0800][gc,phases   ] GC(8)   Evacuate Collection Set: 53.3ms
[2023-05-08T09:27:46.526+0800][gc,phases   ] GC(8)   Post Evacuate Collection Set: 1.3ms
[2023-05-08T09:27:46.526+0800][gc,phases   ] GC(8)   Other: 0.4ms
[2023-05-08T09:27:46.526+0800][gc,heap     ] GC(8) Eden regions: 231->0(236)
[2023-05-08T09:27:46.526+0800][gc,heap     ] GC(8) Survivor regions: 25->20(32)
[2023-05-08T09:27:46.526+0800][gc,heap     ] GC(8) Old regions: 6->13
[2023-05-08T09:27:46.526+0800][gc,heap     ] GC(8) Archive regions: 2->2
[2023-05-08T09:27:46.526+0800][gc,heap     ] GC(8) Humongous regions: 7->7
[2023-05-08T09:27:46.526+0800][gc,metaspace] GC(8) Metaspace: 58444K(58944K)->58444K(58944K) NonClass: 51149K(51392K)->51149K(51392K) Class: 7295K(7552K)->7295K(7552K)
[2023-05-08T09:27:46.526+0800][gc          ] GC(8) Pause Young (Normal) (G1 Evacuation Pause) 269M->40M(512M) 55.823ms
[2023-05-08T09:27:46.526+0800][gc,cpu      ] GC(8) User=0.06s Sys=0.11s Real=0.05s
[2023-05-08T09:32:09.801+0800][gc,start    ] GC(9) Pause Young (Concurrent Start) (Metadata GC Threshold)
[2023-05-08T09:32:09.801+0800][gc,task     ] GC(9) Using 8 workers of 8 for evacuation
[2023-05-08T09:32:09.832+0800][gc,phases   ] GC(9)   Pre Evacuate Collection Set: 0.5ms
[2023-05-08T09:32:09.832+0800][gc,phases   ] GC(9)   Merge Heap Roots: 0.5ms
[2023-05-08T09:32:09.832+0800][gc,phases   ] GC(9)   Evacuate Collection Set: 27.8ms
[2023-05-08T09:32:09.832+0800][gc,phases   ] GC(9)   Post Evacuate Collection Set: 1.4ms
[2023-05-08T09:32:09.832+0800][gc,phases   ] GC(9)   Other: 0.7ms
[2023-05-08T09:32:09.832+0800][gc,heap     ] GC(9) Eden regions: 43->0(240)
[2023-05-08T09:32:09.832+0800][gc,heap     ] GC(9) Survivor regions: 20->16(32)
[2023-05-08T09:32:09.832+0800][gc,heap     ] GC(9) Old regions: 13->16
[2023-05-08T09:32:09.832+0800][gc,heap     ] GC(9) Archive regions: 2->2
[2023-05-08T09:32:09.832+0800][gc,heap     ] GC(9) Humongous regions: 7->7
[2023-05-08T09:32:09.832+0800][gc,metaspace] GC(9) Metaspace: 59547K(60096K)->59547K(60096K) NonClass: 52238K(52480K)->52238K(52480K) Class: 7309K(7616K)->7309K(7616K)
[2023-05-08T09:32:09.832+0800][gc          ] GC(9) Pause Young (Concurrent Start) (Metadata GC Threshold) 82M->39M(512M) 31.010ms
[2023-05-08T09:32:09.832+0800][gc,cpu      ] GC(9) User=0.03s Sys=0.04s Real=0.03s
[2023-05-08T09:32:09.832+0800][gc          ] GC(10) Concurrent Mark Cycle
[2023-05-08T09:32:09.832+0800][gc,marking  ] GC(10) Concurrent Clear Claimed Marks
[2023-05-08T09:32:09.832+0800][gc,marking  ] GC(10) Concurrent Clear Claimed Marks 0.048ms
[2023-05-08T09:32:09.832+0800][gc,marking  ] GC(10) Concurrent Scan Root Regions
[2023-05-08T09:32:09.839+0800][gc,marking  ] GC(10) Concurrent Scan Root Regions 6.111ms
[2023-05-08T09:32:09.839+0800][gc,marking  ] GC(10) Concurrent Mark
[2023-05-08T09:32:09.839+0800][gc,marking  ] GC(10) Concurrent Mark From Roots
[2023-05-08T09:32:09.839+0800][gc,task     ] GC(10) Using 2 workers of 2 for marking
[2023-05-08T09:32:09.849+0800][gc,marking  ] GC(10) Concurrent Mark From Roots 10.100ms
[2023-05-08T09:32:09.849+0800][gc,marking  ] GC(10) Concurrent Preclean
[2023-05-08T09:32:09.849+0800][gc,marking  ] GC(10) Concurrent Preclean 0.066ms
[2023-05-08T09:32:09.849+0800][gc,start    ] GC(10) Pause Remark
[2023-05-08T09:32:09.864+0800][gc          ] GC(10) Pause Remark 42M->42M(512M) 15.262ms
[2023-05-08T09:32:09.864+0800][gc,cpu      ] GC(10) User=0.01s Sys=0.02s Real=0.02s
[2023-05-08T09:32:09.864+0800][gc,marking  ] GC(10) Concurrent Mark 25.735ms
[2023-05-08T09:32:09.864+0800][gc,marking  ] GC(10) Concurrent Rebuild Remembered Sets
[2023-05-08T09:32:09.864+0800][gc,marking  ] GC(10) Concurrent Rebuild Remembered Sets 0.004ms
[2023-05-08T09:32:09.864+0800][gc,start    ] GC(10) Pause Cleanup
[2023-05-08T09:32:09.864+0800][gc          ] GC(10) Pause Cleanup 42M->42M(512M) 0.007ms
[2023-05-08T09:32:09.864+0800][gc,cpu      ] GC(10) User=0.00s Sys=0.00s Real=0.00s
[2023-05-08T09:32:09.864+0800][gc,marking  ] GC(10) Concurrent Cleanup for Next Mark
[2023-05-08T09:32:09.866+0800][gc,marking  ] GC(10) Concurrent Cleanup for Next Mark 1.171ms
[2023-05-08T09:32:09.866+0800][gc          ] GC(10) Concurrent Mark Cycle 33.296ms
[2023-05-08T09:58:08.903+0800][gc,start    ] GC(11) Pause Young (Normal) (G1 Evacuation Pause)
[2023-05-08T09:58:08.903+0800][gc,task     ] GC(11) Using 8 workers of 8 for evacuation
[2023-05-08T09:58:08.971+0800][gc,phases   ] GC(11)   Pre Evacuate Collection Set: 1.3ms
[2023-05-08T09:58:08.971+0800][gc,phases   ] GC(11)   Merge Heap Roots: 0.7ms
[2023-05-08T09:58:08.971+0800][gc,phases   ] GC(11)   Evacuate Collection Set: 63.0ms
[2023-05-08T09:58:08.971+0800][gc,phases   ] GC(11)   Post Evacuate Collection Set: 1.8ms
[2023-05-08T09:58:08.971+0800][gc,phases   ] GC(11)   Other: 3.1ms
[2023-05-08T09:58:08.971+0800][gc,heap     ] GC(11) Eden regions: 240->0(240)
[2023-05-08T09:58:08.971+0800][gc,heap     ] GC(11) Survivor regions: 16->16(32)
[2023-05-08T09:58:08.971+0800][gc,heap     ] GC(11) Old regions: 16->16
[2023-05-08T09:58:08.971+0800][gc,heap     ] GC(11) Archive regions: 2->2
[2023-05-08T09:58:08.971+0800][gc,heap     ] GC(11) Humongous regions: 9->9
[2023-05-08T09:58:08.971+0800][gc,metaspace] GC(11) Metaspace: 61137K(61696K)->61137K(61696K) NonClass: 53810K(54080K)->53810K(54080K) Class: 7326K(7616K)->7326K(7616K)
[2023-05-08T09:58:08.971+0800][gc          ] GC(11) Pause Young (Normal) (G1 Evacuation Pause) 281M->41M(512M) 69.001ms
[2023-05-08T09:58:08.971+0800][gc,cpu      ] GC(11) User=0.05s Sys=0.10s Real=0.07s
[2023-05-08T10:24:03.752+0800][gc,start    ] GC(12) Pause Young (Normal) (G1 Evacuation Pause)
[2023-05-08T10:24:03.753+0800][gc,task     ] GC(12) Using 8 workers of 8 for evacuation
[2023-05-08T10:24:03.806+0800][gc,phases   ] GC(12)   Pre Evacuate Collection Set: 2.6ms
[2023-05-08T10:24:03.807+0800][gc,phases   ] GC(12)   Merge Heap Roots: 1.6ms
[2023-05-08T10:24:03.807+0800][gc,phases   ] GC(12)   Evacuate Collection Set: 47.0ms
[2023-05-08T10:24:03.807+0800][gc,phases   ] GC(12)   Post Evacuate Collection Set: 1.6ms
[2023-05-08T10:24:03.807+0800][gc,phases   ] GC(12)   Other: 2.7ms
[2023-05-08T10:24:03.807+0800][gc,heap     ] GC(12) Eden regions: 240->0(240)
[2023-05-08T10:24:03.807+0800][gc,heap     ] GC(12) Survivor regions: 16->16(32)
[2023-05-08T10:24:03.807+0800][gc,heap     ] GC(12) Old regions: 16->16
[2023-05-08T10:24:03.807+0800][gc,heap     ] GC(12) Archive regions: 2->2
[2023-05-08T10:24:03.807+0800][gc,heap     ] GC(12) Humongous regions: 9->9
[2023-05-08T10:24:03.807+0800][gc,metaspace] GC(12) Metaspace: 61305K(61824K)->61305K(61824K) NonClass: 53978K(54208K)->53978K(54208K) Class: 7327K(7616K)->7327K(7616K)
[2023-05-08T10:24:03.807+0800][gc          ] GC(12) Pause Young (Normal) (G1 Evacuation Pause) 281M->41M(512M) 54.881ms
[2023-05-08T10:24:03.807+0800][gc,cpu      ] GC(12) User=0.05s Sys=0.09s Real=0.05s
[2023-05-08T10:52:34.302+0800][gc,start    ] GC(13) Pause Young (Normal) (G1 Evacuation Pause)
[2023-05-08T10:52:34.303+0800][gc,task     ] GC(13) Using 8 workers of 8 for evacuation
[2023-05-08T10:52:34.407+0800][gc,phases   ] GC(13)   Pre Evacuate Collection Set: 5.2ms
[2023-05-08T10:52:34.407+0800][gc,phases   ] GC(13)   Merge Heap Roots: 2.0ms
[2023-05-08T10:52:34.407+0800][gc,phases   ] GC(13)   Evacuate Collection Set: 89.6ms
[2023-05-08T10:52:34.407+0800][gc,phases   ] GC(13)   Post Evacuate Collection Set: 6.1ms
[2023-05-08T10:52:34.407+0800][gc,phases   ] GC(13)   Other: 4.5ms
[2023-05-08T10:52:34.407+0800][gc,heap     ] GC(13) Eden regions: 240->0(240)
[2023-05-08T10:52:34.407+0800][gc,heap     ] GC(13) Survivor regions: 16->16(32)
[2023-05-08T10:52:34.407+0800][gc,heap     ] GC(13) Old regions: 16->16
[2023-05-08T10:52:34.407+0800][gc,heap     ] GC(13) Archive regions: 2->2
[2023-05-08T10:52:34.407+0800][gc,heap     ] GC(13) Humongous regions: 9->9
[2023-05-08T10:52:34.407+0800][gc,metaspace] GC(13) Metaspace: 61526K(62016K)->61526K(62016K) NonClass: 54181K(54400K)->54181K(54400K) Class: 7344K(7616K)->7344K(7616K)
[2023-05-08T10:52:34.407+0800][gc          ] GC(13) Pause Young (Normal) (G1 Evacuation Pause) 281M->41M(512M) 106.220ms
[2023-05-08T10:52:34.407+0800][gc,cpu      ] GC(13) User=0.03s Sys=0.08s Real=0.10s
[2023-05-08T11:14:59.754+0800][gc,start    ] GC(14) Pause Young (Normal) (G1 Evacuation Pause)
[2023-05-08T11:14:59.755+0800][gc,task     ] GC(14) Using 8 workers of 8 for evacuation
[2023-05-08T11:14:59.825+0800][gc,phases   ] GC(14)   Pre Evacuate Collection Set: 2.0ms
[2023-05-08T11:14:59.826+0800][gc,phases   ] GC(14)   Merge Heap Roots: 1.0ms
[2023-05-08T11:14:59.826+0800][gc,phases   ] GC(14)   Evacuate Collection Set: 61.5ms
[2023-05-08T11:14:59.826+0800][gc,phases   ] GC(14)   Post Evacuate Collection Set: 5.3ms
[2023-05-08T11:14:59.826+0800][gc,phases   ] GC(14)   Other: 3.2ms
[2023-05-08T11:14:59.826+0800][gc,heap     ] GC(14) Eden regions: 240->0(240)
[2023-05-08T11:14:59.826+0800][gc,heap     ] GC(14) Survivor regions: 16->16(32)
[2023-05-08T11:14:59.826+0800][gc,heap     ] GC(14) Old regions: 16->16
[2023-05-08T11:14:59.826+0800][gc,heap     ] GC(14) Archive regions: 2->2
[2023-05-08T11:14:59.826+0800][gc,heap     ] GC(14) Humongous regions: 11->11
[2023-05-08T11:14:59.826+0800][gc,metaspace] GC(14) Metaspace: 61563K(62080K)->61563K(62080K) NonClass: 54217K(54464K)->54217K(54464K) Class: 7346K(7616K)->7346K(7616K)
[2023-05-08T11:14:59.827+0800][gc          ] GC(14) Pause Young (Normal) (G1 Evacuation Pause) 283M->43M(512M) 73.591ms
[2023-05-08T11:14:59.827+0800][gc,cpu      ] GC(14) User=0.05s Sys=0.08s Real=0.07s
[2023-05-08T11:37:31.231+0800][gc,start    ] GC(15) Pause Young (Normal) (G1 Evacuation Pause)
[2023-05-08T11:37:31.232+0800][gc,task     ] GC(15) Using 8 workers of 8 for evacuation
[2023-05-08T11:37:31.317+0800][gc,phases   ] GC(15)   Pre Evacuate Collection Set: 1.6ms
[2023-05-08T11:37:31.317+0800][gc,phases   ] GC(15)   Merge Heap Roots: 1.7ms
[2023-05-08T11:37:31.317+0800][gc,phases   ] GC(15)   Evacuate Collection Set: 78.4ms
[2023-05-08T11:37:31.317+0800][gc,phases   ] GC(15)   Post Evacuate Collection Set: 1.8ms
[2023-05-08T11:37:31.317+0800][gc,phases   ] GC(15)   Other: 3.6ms
[2023-05-08T11:37:31.317+0800][gc,heap     ] GC(15) Eden regions: 240->0(240)
[2023-05-08T11:37:31.317+0800][gc,heap     ] GC(15) Survivor regions: 16->16(32)
[2023-05-08T11:37:31.317+0800][gc,heap     ] GC(15) Old regions: 16->16
[2023-05-08T11:37:31.317+0800][gc,heap     ] GC(15) Archive regions: 2->2
[2023-05-08T11:37:31.317+0800][gc,heap     ] GC(15) Humongous regions: 11->11
[2023-05-08T11:37:31.317+0800][gc,metaspace] GC(15) Metaspace: 61586K(62080K)->61586K(62080K) NonClass: 54236K(54464K)->54236K(54464K) Class: 7349K(7616K)->7349K(7616K)
[2023-05-08T11:37:31.317+0800][gc          ] GC(15) Pause Young (Normal) (G1 Evacuation Pause) 283M->43M(512M) 86.109ms
[2023-05-08T11:37:31.317+0800][gc,cpu      ] GC(15) User=0.06s Sys=0.13s Real=0.08s
[2023-05-08T12:00:07.008+0800][gc,start    ] GC(16) Pause Young (Normal) (G1 Evacuation Pause)
[2023-05-08T12:00:07.009+0800][gc,task     ] GC(16) Using 8 workers of 8 for evacuation
[2023-05-08T12:00:07.069+0800][gc,phases   ] GC(16)   Pre Evacuate Collection Set: 1.4ms
[2023-05-08T12:00:07.069+0800][gc,phases   ] GC(16)   Merge Heap Roots: 0.6ms
[2023-05-08T12:00:07.069+0800][gc,phases   ] GC(16)   Evacuate Collection Set: 55.5ms
[2023-05-08T12:00:07.069+0800][gc,phases   ] GC(16)   Post Evacuate Collection Set: 1.7ms
[2023-05-08T12:00:07.069+0800][gc,phases   ] GC(16)   Other: 3.6ms
[2023-05-08T12:00:07.069+0800][gc,heap     ] GC(16) Eden regions: 240->0(241)
[2023-05-08T12:00:07.069+0800][gc,heap     ] GC(16) Survivor regions: 16->15(32)
[2023-05-08T12:00:07.069+0800][gc,heap     ] GC(16) Old regions: 16->16
[2023-05-08T12:00:07.069+0800][gc,heap     ] GC(16) Archive regions: 2->2
[2023-05-08T12:00:07.069+0800][gc,heap     ] GC(16) Humongous regions: 11->11
[2023-05-08T12:00:07.069+0800][gc,metaspace] GC(16) Metaspace: 61601K(62144K)->61601K(62144K) NonClass: 54250K(54528K)->54250K(54528K) Class: 7350K(7616K)->7350K(7616K)
[2023-05-08T12:00:07.069+0800][gc          ] GC(16) Pause Young (Normal) (G1 Evacuation Pause) 283M->42M(512M) 61.974ms
[2023-05-08T12:00:07.069+0800][gc,cpu      ] GC(16) User=0.05s Sys=0.12s Real=0.06s
[2023-05-08T12:29:44.571+0800][gc,start    ] GC(17) Pause Young (Normal) (G1 Evacuation Pause)
[2023-05-08T12:29:44.572+0800][gc,task     ] GC(17) Using 8 workers of 8 for evacuation
[2023-05-08T12:29:44.694+0800][gc,phases   ] GC(17)   Pre Evacuate Collection Set: 3.8ms
[2023-05-08T12:29:44.694+0800][gc,phases   ] GC(17)   Merge Heap Roots: 1.5ms
[2023-05-08T12:29:44.694+0800][gc,phases   ] GC(17)   Evacuate Collection Set: 109.3ms
[2023-05-08T12:29:44.694+0800][gc,phases   ] GC(17)   Post Evacuate Collection Set: 7.1ms
[2023-05-08T12:29:44.695+0800][gc,phases   ] GC(17)   Other: 3.8ms
[2023-05-08T12:29:44.695+0800][gc,heap     ] GC(17) Eden regions: 241->0(239)
[2023-05-08T12:29:44.695+0800][gc,heap     ] GC(17) Survivor regions: 15->17(32)
[2023-05-08T12:29:44.695+0800][gc,heap     ] GC(17) Old regions: 16->16
[2023-05-08T12:29:44.695+0800][gc,heap     ] GC(17) Archive regions: 2->2
[2023-05-08T12:29:44.695+0800][gc,heap     ] GC(17) Humongous regions: 17->17
[2023-05-08T12:29:44.695+0800][gc,metaspace] GC(17) Metaspace: 62685K(63296K)->62685K(63296K) NonClass: 55197K(55488K)->55197K(55488K) Class: 7488K(7808K)->7488K(7808K)
[2023-05-08T12:29:44.695+0800][gc          ] GC(17) Pause Young (Normal) (G1 Evacuation Pause) 289M->50M(512M) 124.858ms
[2023-05-08T12:29:44.695+0800][gc,cpu      ] GC(17) User=0.05s Sys=0.14s Real=0.12s
[2023-05-08T13:38:01.200+0800][gc,start    ] GC(18) Pause Young (Normal) (G1 Evacuation Pause)
[2023-05-08T13:38:01.200+0800][gc,task     ] GC(18) Using 8 workers of 8 for evacuation
[2023-05-08T13:38:01.350+0800][gc,phases   ] GC(18)   Pre Evacuate Collection Set: 4.9ms
[2023-05-08T13:38:01.350+0800][gc,phases   ] GC(18)   Merge Heap Roots: 1.7ms
[2023-05-08T13:38:01.350+0800][gc,phases   ] GC(18)   Evacuate Collection Set: 134.6ms
[2023-05-08T13:38:01.350+0800][gc,phases   ] GC(18)   Post Evacuate Collection Set: 6.9ms
[2023-05-08T13:38:01.350+0800][gc,phases   ] GC(18)   Other: 3.7ms
[2023-05-08T13:38:01.350+0800][gc,heap     ] GC(18) Eden regions: 239->0(239)
[2023-05-08T13:38:01.350+0800][gc,heap     ] GC(18) Survivor regions: 17->17(32)
[2023-05-08T13:38:01.350+0800][gc,heap     ] GC(18) Old regions: 16->16
[2023-05-08T13:38:01.350+0800][gc,heap     ] GC(18) Archive regions: 2->2
[2023-05-08T13:38:01.350+0800][gc,heap     ] GC(18) Humongous regions: 17->17
[2023-05-08T13:38:01.350+0800][gc,metaspace] GC(18) Metaspace: 62742K(63296K)->62742K(63296K) NonClass: 55245K(55488K)->55245K(55488K) Class: 7497K(7808K)->7497K(7808K)
[2023-05-08T13:38:01.350+0800][gc          ] GC(18) Pause Young (Normal) (G1 Evacuation Pause) 289M->50M(512M) 151.052ms
[2023-05-08T13:38:01.350+0800][gc,cpu      ] GC(18) User=0.04s Sys=0.10s Real=0.16s
