[2023-05-09T21:00:18.881+0800][gc] Using G1
[2023-05-09T21:00:18.882+0800][gc,init] Version: 17.0.2+8-LTS-86 (release)
[2023-05-09T21:00:18.882+0800][gc,init] CPUs: 8 total, 8 available
[2023-05-09T21:00:18.882+0800][gc,init] Memory: 8192M
[2023-05-09T21:00:18.882+0800][gc,init] Large Page Support: Disabled
[2023-05-09T21:00:18.882+0800][gc,init] NUMA Support: Disabled
[2023-05-09T21:00:18.882+0800][gc,init] Compressed Oops: Enabled (Zero based)
[2023-05-09T21:00:18.882+0800][gc,init] Heap Region Size: 1M
[2023-05-09T21:00:18.882+0800][gc,init] Heap Min Capacity: 512M
[2023-05-09T21:00:18.882+0800][gc,init] Heap Initial Capacity: 512M
[2023-05-09T21:00:18.882+0800][gc,init] Heap Max Capacity: 512M
[2023-05-09T21:00:18.882+0800][gc,init] Pre-touch: Disabled
[2023-05-09T21:00:18.882+0800][gc,init] Parallel Workers: 8
[2023-05-09T21:00:18.882+0800][gc,init] Concurrent Workers: 2
[2023-05-09T21:00:18.882+0800][gc,init] Concurrent Refinement Workers: 8
[2023-05-09T21:00:18.882+0800][gc,init] Periodic GC: Disabled
[2023-05-09T21:00:18.882+0800][gc,metaspace] CDS archive(s) mapped at: [0x0000000800000000-0x0000000800bd8000-0x0000000800bd8000), size 12419072, SharedBaseAddress: 0x0000000800000000, ArchiveRelocationMode: 0.
[2023-05-09T21:00:18.882+0800][gc,metaspace] Compressed class space mapped at: 0x0000000800c00000-0x0000000840c00000, reserved size: 1073741824
[2023-05-09T21:00:18.882+0800][gc,metaspace] Narrow klass base: 0x0000000800000000, Narrow klass shift: 0, Narrow klass range: 0x100000000
[2023-05-09T21:00:19.529+0800][gc,start    ] GC(0) Pause Young (Normal) (G1 Evacuation Pause)
[2023-05-09T21:00:19.529+0800][gc,task     ] GC(0) Using 8 workers of 8 for evacuation
[2023-05-09T21:00:19.534+0800][gc,phases   ] GC(0)   Pre Evacuate Collection Set: 0.1ms
[2023-05-09T21:00:19.534+0800][gc,phases   ] GC(0)   Merge Heap Roots: 0.0ms
[2023-05-09T21:00:19.534+0800][gc,phases   ] GC(0)   Evacuate Collection Set: 4.4ms
[2023-05-09T21:00:19.534+0800][gc,phases   ] GC(0)   Post Evacuate Collection Set: 0.4ms
[2023-05-09T21:00:19.534+0800][gc,phases   ] GC(0)   Other: 0.3ms
[2023-05-09T21:00:19.534+0800][gc,heap     ] GC(0) Eden regions: 256->0(249)
[2023-05-09T21:00:19.534+0800][gc,heap     ] GC(0) Survivor regions: 0->7(32)
[2023-05-09T21:00:19.534+0800][gc,heap     ] GC(0) Old regions: 0->0
[2023-05-09T21:00:19.534+0800][gc,heap     ] GC(0) Archive regions: 2->2
[2023-05-09T21:00:19.534+0800][gc,heap     ] GC(0) Humongous regions: 0->0
[2023-05-09T21:00:19.534+0800][gc,metaspace] GC(0) Metaspace: 14477K(14720K)->14477K(14720K) NonClass: 12731K(12864K)->12731K(12864K) Class: 1746K(1856K)->1746K(1856K)
[2023-05-09T21:00:19.534+0800][gc          ] GC(0) Pause Young (Normal) (G1 Evacuation Pause) 256M->7M(512M) 5.280ms
[2023-05-09T21:00:19.534+0800][gc,cpu      ] GC(0) User=0.02s Sys=0.01s Real=0.01s
[2023-05-09T21:00:19.819+0800][gc,start    ] GC(1) Pause Young (Normal) (G1 Evacuation Pause)
[2023-05-09T21:00:19.819+0800][gc,task     ] GC(1) Using 8 workers of 8 for evacuation
[2023-05-09T21:00:19.823+0800][gc,phases   ] GC(1)   Pre Evacuate Collection Set: 0.1ms
[2023-05-09T21:00:19.823+0800][gc,phases   ] GC(1)   Merge Heap Roots: 0.0ms
[2023-05-09T21:00:19.823+0800][gc,phases   ] GC(1)   Evacuate Collection Set: 2.9ms
[2023-05-09T21:00:19.823+0800][gc,phases   ] GC(1)   Post Evacuate Collection Set: 0.4ms
[2023-05-09T21:00:19.823+0800][gc,phases   ] GC(1)   Other: 0.1ms
[2023-05-09T21:00:19.823+0800][gc,heap     ] GC(1) Eden regions: 249->0(247)
[2023-05-09T21:00:19.823+0800][gc,heap     ] GC(1) Survivor regions: 7->9(32)
[2023-05-09T21:00:19.823+0800][gc,heap     ] GC(1) Old regions: 0->0
[2023-05-09T21:00:19.823+0800][gc,heap     ] GC(1) Archive regions: 2->2
[2023-05-09T21:00:19.823+0800][gc,heap     ] GC(1) Humongous regions: 0->0
[2023-05-09T21:00:19.823+0800][gc,metaspace] GC(1) Metaspace: 20050K(20352K)->20050K(20352K) NonClass: 17560K(17728K)->17560K(17728K) Class: 2490K(2624K)->2490K(2624K)
[2023-05-09T21:00:19.823+0800][gc          ] GC(1) Pause Young (Normal) (G1 Evacuation Pause) 256M->9M(512M) 3.570ms
[2023-05-09T21:00:19.823+0800][gc,cpu      ] GC(1) User=0.02s Sys=0.00s Real=0.01s
[2023-05-09T21:00:19.891+0800][gc,start    ] GC(2) Pause Young (Concurrent Start) (Metadata GC Threshold)
[2023-05-09T21:00:19.891+0800][gc,task     ] GC(2) Using 8 workers of 8 for evacuation
[2023-05-09T21:00:19.895+0800][gc,phases   ] GC(2)   Pre Evacuate Collection Set: 0.1ms
[2023-05-09T21:00:19.895+0800][gc,phases   ] GC(2)   Merge Heap Roots: 0.0ms
[2023-05-09T21:00:19.895+0800][gc,phases   ] GC(2)   Evacuate Collection Set: 4.1ms
[2023-05-09T21:00:19.895+0800][gc,phases   ] GC(2)   Post Evacuate Collection Set: 0.5ms
[2023-05-09T21:00:19.895+0800][gc,phases   ] GC(2)   Other: 0.1ms
[2023-05-09T21:00:19.895+0800][gc,heap     ] GC(2) Eden regions: 31->0(247)
[2023-05-09T21:00:19.895+0800][gc,heap     ] GC(2) Survivor regions: 9->9(32)
[2023-05-09T21:00:19.895+0800][gc,heap     ] GC(2) Old regions: 0->0
[2023-05-09T21:00:19.895+0800][gc,heap     ] GC(2) Archive regions: 2->2
[2023-05-09T21:00:19.895+0800][gc,heap     ] GC(2) Humongous regions: 0->0
[2023-05-09T21:00:19.895+0800][gc,metaspace] GC(2) Metaspace: 21275K(21504K)->21275K(21504K) NonClass: 18643K(18752K)->18643K(18752K) Class: 2631K(2752K)->2631K(2752K)
[2023-05-09T21:00:19.895+0800][gc          ] GC(2) Pause Young (Concurrent Start) (Metadata GC Threshold) 39M->9M(512M) 4.830ms
[2023-05-09T21:00:19.895+0800][gc,cpu      ] GC(2) User=0.02s Sys=0.00s Real=0.00s
[2023-05-09T21:00:19.895+0800][gc          ] GC(3) Concurrent Mark Cycle
[2023-05-09T21:00:19.895+0800][gc,marking  ] GC(3) Concurrent Clear Claimed Marks
[2023-05-09T21:00:19.895+0800][gc,marking  ] GC(3) Concurrent Clear Claimed Marks 0.015ms
[2023-05-09T21:00:19.895+0800][gc,marking  ] GC(3) Concurrent Scan Root Regions
[2023-05-09T21:00:19.898+0800][gc,marking  ] GC(3) Concurrent Scan Root Regions 2.596ms
[2023-05-09T21:00:19.898+0800][gc,marking  ] GC(3) Concurrent Mark
[2023-05-09T21:00:19.898+0800][gc,marking  ] GC(3) Concurrent Mark From Roots
[2023-05-09T21:00:19.898+0800][gc,task     ] GC(3) Using 2 workers of 2 for marking
[2023-05-09T21:00:19.899+0800][gc,marking  ] GC(3) Concurrent Mark From Roots 0.748ms
[2023-05-09T21:00:19.899+0800][gc,marking  ] GC(3) Concurrent Preclean
[2023-05-09T21:00:19.899+0800][gc,marking  ] GC(3) Concurrent Preclean 0.013ms
[2023-05-09T21:00:19.899+0800][gc,start    ] GC(3) Pause Remark
[2023-05-09T21:00:19.900+0800][gc          ] GC(3) Pause Remark 10M->10M(512M) 1.245ms
[2023-05-09T21:00:19.900+0800][gc,cpu      ] GC(3) User=0.00s Sys=0.00s Real=0.01s
[2023-05-09T21:00:19.900+0800][gc,marking  ] GC(3) Concurrent Mark 2.310ms
[2023-05-09T21:00:19.900+0800][gc,marking  ] GC(3) Concurrent Rebuild Remembered Sets
[2023-05-09T21:00:19.900+0800][gc,marking  ] GC(3) Concurrent Rebuild Remembered Sets 0.013ms
[2023-05-09T21:00:19.901+0800][gc,start    ] GC(3) Pause Cleanup
[2023-05-09T21:00:19.901+0800][gc          ] GC(3) Pause Cleanup 10M->10M(512M) 0.015ms
[2023-05-09T21:00:19.901+0800][gc,cpu      ] GC(3) User=0.00s Sys=0.00s Real=0.00s
[2023-05-09T21:00:19.901+0800][gc,marking  ] GC(3) Concurrent Cleanup for Next Mark
[2023-05-09T21:00:19.901+0800][gc,marking  ] GC(3) Concurrent Cleanup for Next Mark 0.733ms
[2023-05-09T21:00:19.901+0800][gc          ] GC(3) Concurrent Mark Cycle 6.069ms
[2023-05-09T21:00:20.246+0800][gc,start    ] GC(4) Pause Young (Normal) (G1 Evacuation Pause)
[2023-05-09T21:00:20.246+0800][gc,task     ] GC(4) Using 8 workers of 8 for evacuation
[2023-05-09T21:00:20.251+0800][gc,phases   ] GC(4)   Pre Evacuate Collection Set: 0.1ms
[2023-05-09T21:00:20.251+0800][gc,phases   ] GC(4)   Merge Heap Roots: 0.1ms
[2023-05-09T21:00:20.251+0800][gc,phases   ] GC(4)   Evacuate Collection Set: 4.1ms
[2023-05-09T21:00:20.251+0800][gc,phases   ] GC(4)   Post Evacuate Collection Set: 0.4ms
[2023-05-09T21:00:20.251+0800][gc,phases   ] GC(4)   Other: 0.1ms
[2023-05-09T21:00:20.251+0800][gc,heap     ] GC(4) Eden regions: 247->0(243)
[2023-05-09T21:00:20.251+0800][gc,heap     ] GC(4) Survivor regions: 9->13(32)
[2023-05-09T21:00:20.251+0800][gc,heap     ] GC(4) Old regions: 0->0
[2023-05-09T21:00:20.251+0800][gc,heap     ] GC(4) Archive regions: 2->2
[2023-05-09T21:00:20.251+0800][gc,heap     ] GC(4) Humongous regions: 0->0
[2023-05-09T21:00:20.251+0800][gc,metaspace] GC(4) Metaspace: 23399K(23744K)->23399K(23744K) NonClass: 20537K(20736K)->20537K(20736K) Class: 2861K(3008K)->2861K(3008K)
[2023-05-09T21:00:20.251+0800][gc          ] GC(4) Pause Young (Normal) (G1 Evacuation Pause) 256M->13M(512M) 4.825ms
[2023-05-09T21:00:20.251+0800][gc,cpu      ] GC(4) User=0.03s Sys=0.00s Real=0.01s
[2023-05-09T21:00:20.680+0800][gc,start    ] GC(5) Pause Young (Normal) (G1 Evacuation Pause)
[2023-05-09T21:00:20.680+0800][gc,task     ] GC(5) Using 8 workers of 8 for evacuation
[2023-05-09T21:00:20.686+0800][gc,phases   ] GC(5)   Pre Evacuate Collection Set: 0.1ms
[2023-05-09T21:00:20.686+0800][gc,phases   ] GC(5)   Merge Heap Roots: 0.1ms
[2023-05-09T21:00:20.686+0800][gc,phases   ] GC(5)   Evacuate Collection Set: 5.5ms
[2023-05-09T21:00:20.686+0800][gc,phases   ] GC(5)   Post Evacuate Collection Set: 0.5ms
[2023-05-09T21:00:20.686+0800][gc,phases   ] GC(5)   Other: 0.1ms
[2023-05-09T21:00:20.686+0800][gc,heap     ] GC(5) Eden regions: 243->0(239)
[2023-05-09T21:00:20.686+0800][gc,heap     ] GC(5) Survivor regions: 13->17(32)
[2023-05-09T21:00:20.686+0800][gc,heap     ] GC(5) Old regions: 0->0
[2023-05-09T21:00:20.686+0800][gc,heap     ] GC(5) Archive regions: 2->2
[2023-05-09T21:00:20.686+0800][gc,heap     ] GC(5) Humongous regions: 0->0
[2023-05-09T21:00:20.686+0800][gc,metaspace] GC(5) Metaspace: 28085K(28416K)->28085K(28416K) NonClass: 24613K(24768K)->24613K(24768K) Class: 3472K(3648K)->3472K(3648K)
[2023-05-09T21:00:20.686+0800][gc          ] GC(5) Pause Young (Normal) (G1 Evacuation Pause) 256M->17M(512M) 6.399ms
[2023-05-09T21:00:20.686+0800][gc,cpu      ] GC(5) User=0.04s Sys=0.00s Real=0.00s
[2023-05-09T21:00:21.246+0800][gc,start    ] GC(6) Pause Young (Concurrent Start) (Metadata GC Threshold)
[2023-05-09T21:00:21.246+0800][gc,task     ] GC(6) Using 8 workers of 8 for evacuation
[2023-05-09T21:00:21.252+0800][gc,phases   ] GC(6)   Pre Evacuate Collection Set: 0.1ms
[2023-05-09T21:00:21.252+0800][gc,phases   ] GC(6)   Merge Heap Roots: 0.1ms
[2023-05-09T21:00:21.252+0800][gc,phases   ] GC(6)   Evacuate Collection Set: 5.3ms
[2023-05-09T21:00:21.252+0800][gc,phases   ] GC(6)   Post Evacuate Collection Set: 0.7ms
[2023-05-09T21:00:21.252+0800][gc,phases   ] GC(6)   Other: 0.1ms
[2023-05-09T21:00:21.252+0800][gc,heap     ] GC(6) Eden regions: 201->0(234)
[2023-05-09T21:00:21.252+0800][gc,heap     ] GC(6) Survivor regions: 17->22(32)
[2023-05-09T21:00:21.252+0800][gc,heap     ] GC(6) Old regions: 0->0
[2023-05-09T21:00:21.252+0800][gc,heap     ] GC(6) Archive regions: 2->2
[2023-05-09T21:00:21.252+0800][gc,heap     ] GC(6) Humongous regions: 0->0
[2023-05-09T21:00:21.252+0800][gc,metaspace] GC(6) Metaspace: 35665K(35968K)->35665K(35968K) NonClass: 31284K(31424K)->31284K(31424K) Class: 4381K(4544K)->4381K(4544K)
[2023-05-09T21:00:21.252+0800][gc          ] GC(6) Pause Young (Concurrent Start) (Metadata GC Threshold) 218M->22M(512M) 6.383ms
[2023-05-09T21:00:21.252+0800][gc,cpu      ] GC(6) User=0.04s Sys=0.00s Real=0.01s
[2023-05-09T21:00:21.252+0800][gc          ] GC(7) Concurrent Mark Cycle
[2023-05-09T21:00:21.252+0800][gc,marking  ] GC(7) Concurrent Clear Claimed Marks
[2023-05-09T21:00:21.252+0800][gc,marking  ] GC(7) Concurrent Clear Claimed Marks 0.021ms
[2023-05-09T21:00:21.252+0800][gc,marking  ] GC(7) Concurrent Scan Root Regions
[2023-05-09T21:00:21.256+0800][gc,marking  ] GC(7) Concurrent Scan Root Regions 4.148ms
[2023-05-09T21:00:21.256+0800][gc,marking  ] GC(7) Concurrent Mark
[2023-05-09T21:00:21.256+0800][gc,marking  ] GC(7) Concurrent Mark From Roots
[2023-05-09T21:00:21.256+0800][gc,task     ] GC(7) Using 2 workers of 2 for marking
[2023-05-09T21:00:21.257+0800][gc,marking  ] GC(7) Concurrent Mark From Roots 0.773ms
[2023-05-09T21:00:21.257+0800][gc,marking  ] GC(7) Concurrent Preclean
[2023-05-09T21:00:21.257+0800][gc,marking  ] GC(7) Concurrent Preclean 0.013ms
[2023-05-09T21:00:21.257+0800][gc,start    ] GC(7) Pause Remark
[2023-05-09T21:00:21.259+0800][gc          ] GC(7) Pause Remark 24M->24M(512M) 1.173ms
[2023-05-09T21:00:21.259+0800][gc,cpu      ] GC(7) User=0.01s Sys=0.00s Real=0.00s
[2023-05-09T21:00:21.259+0800][gc,marking  ] GC(7) Concurrent Mark 2.206ms
[2023-05-09T21:00:21.259+0800][gc,marking  ] GC(7) Concurrent Rebuild Remembered Sets
[2023-05-09T21:00:21.259+0800][gc,marking  ] GC(7) Concurrent Rebuild Remembered Sets 0.005ms
[2023-05-09T21:00:21.259+0800][gc,start    ] GC(7) Pause Cleanup
[2023-05-09T21:00:21.259+0800][gc          ] GC(7) Pause Cleanup 24M->24M(512M) 0.010ms
[2023-05-09T21:00:21.259+0800][gc,cpu      ] GC(7) User=0.00s Sys=0.00s Real=0.00s
[2023-05-09T21:00:21.259+0800][gc,marking  ] GC(7) Concurrent Cleanup for Next Mark
[2023-05-09T21:00:21.260+0800][gc,marking  ] GC(7) Concurrent Cleanup for Next Mark 0.831ms
[2023-05-09T21:00:21.260+0800][gc          ] GC(7) Concurrent Mark Cycle 7.456ms
[2023-05-09T21:00:22.040+0800][gc,start    ] GC(8) Pause Young (Normal) (G1 Evacuation Pause)
[2023-05-09T21:00:22.040+0800][gc,task     ] GC(8) Using 8 workers of 8 for evacuation
[2023-05-09T21:00:22.051+0800][gc,phases   ] GC(8)   Pre Evacuate Collection Set: 0.1ms
[2023-05-09T21:00:22.052+0800][gc,phases   ] GC(8)   Merge Heap Roots: 0.1ms
[2023-05-09T21:00:22.052+0800][gc,phases   ] GC(8)   Evacuate Collection Set: 10.0ms
[2023-05-09T21:00:22.052+0800][gc,phases   ] GC(8)   Post Evacuate Collection Set: 1.1ms
[2023-05-09T21:00:22.052+0800][gc,phases   ] GC(8)   Other: 0.1ms
[2023-05-09T21:00:22.052+0800][gc,heap     ] GC(8) Eden regions: 234->0(230)
[2023-05-09T21:00:22.052+0800][gc,heap     ] GC(8) Survivor regions: 22->26(32)
[2023-05-09T21:00:22.052+0800][gc,heap     ] GC(8) Old regions: 0->6
[2023-05-09T21:00:22.052+0800][gc,heap     ] GC(8) Archive regions: 2->2
[2023-05-09T21:00:22.052+0800][gc,heap     ] GC(8) Humongous regions: 5->5
[2023-05-09T21:00:22.052+0800][gc,metaspace] GC(8) Metaspace: 49244K(49600K)->49244K(49600K) NonClass: 43164K(43328K)->43164K(43328K) Class: 6079K(6272K)->6079K(6272K)
[2023-05-09T21:00:22.052+0800][gc          ] GC(8) Pause Young (Normal) (G1 Evacuation Pause) 261M->36M(512M) 11.366ms
[2023-05-09T21:00:22.052+0800][gc,cpu      ] GC(8) User=0.07s Sys=0.01s Real=0.01s
[2023-05-09T21:00:38.058+0800][gc,start    ] GC(9) Pause Young (Normal) (G1 Evacuation Pause)
[2023-05-09T21:00:38.058+0800][gc,task     ] GC(9) Using 8 workers of 8 for evacuation
[2023-05-09T21:00:38.103+0800][gc,phases   ] GC(9)   Pre Evacuate Collection Set: 0.2ms
[2023-05-09T21:00:38.103+0800][gc,phases   ] GC(9)   Merge Heap Roots: 0.1ms
[2023-05-09T21:00:38.103+0800][gc,phases   ] GC(9)   Evacuate Collection Set: 44.1ms
[2023-05-09T21:00:38.103+0800][gc,phases   ] GC(9)   Post Evacuate Collection Set: 0.9ms
[2023-05-09T21:00:38.103+0800][gc,phases   ] GC(9)   Other: 0.2ms
[2023-05-09T21:00:38.103+0800][gc,heap     ] GC(9) Eden regions: 230->0(237)
[2023-05-09T21:00:38.103+0800][gc,heap     ] GC(9) Survivor regions: 26->19(32)
[2023-05-09T21:00:38.103+0800][gc,heap     ] GC(9) Old regions: 6->13
[2023-05-09T21:00:38.103+0800][gc,heap     ] GC(9) Archive regions: 2->2
[2023-05-09T21:00:38.103+0800][gc,heap     ] GC(9) Humongous regions: 7->7
[2023-05-09T21:00:38.103+0800][gc,metaspace] GC(9) Metaspace: 58033K(58560K)->58033K(58560K) NonClass: 50787K(51072K)->50787K(51072K) Class: 7245K(7488K)->7245K(7488K)
[2023-05-09T21:00:38.103+0800][gc          ] GC(9) Pause Young (Normal) (G1 Evacuation Pause) 268M->38M(512M) 45.426ms
[2023-05-09T21:00:38.103+0800][gc,cpu      ] GC(9) User=0.06s Sys=0.08s Real=0.05s
[2023-05-09T21:02:55.953+0800][gc,start    ] GC(10) Pause Young (Concurrent Start) (Metadata GC Threshold)
[2023-05-09T21:02:55.954+0800][gc,task     ] GC(10) Using 8 workers of 8 for evacuation
[2023-05-09T21:02:55.991+0800][gc,phases   ] GC(10)   Pre Evacuate Collection Set: 1.1ms
[2023-05-09T21:02:55.991+0800][gc,phases   ] GC(10)   Merge Heap Roots: 0.5ms
[2023-05-09T21:02:55.991+0800][gc,phases   ] GC(10)   Evacuate Collection Set: 33.1ms
[2023-05-09T21:02:55.991+0800][gc,phases   ] GC(10)   Post Evacuate Collection Set: 1.2ms
[2023-05-09T21:02:55.991+0800][gc,phases   ] GC(10)   Other: 3.3ms
[2023-05-09T21:02:55.991+0800][gc,heap     ] GC(10) Eden regions: 53->0(239)
[2023-05-09T21:02:55.991+0800][gc,heap     ] GC(10) Survivor regions: 19->17(32)
[2023-05-09T21:02:55.991+0800][gc,heap     ] GC(10) Old regions: 13->17
[2023-05-09T21:02:55.991+0800][gc,heap     ] GC(10) Archive regions: 2->2
[2023-05-09T21:02:55.991+0800][gc,heap     ] GC(10) Humongous regions: 9->9
[2023-05-09T21:02:55.991+0800][gc,metaspace] GC(10) Metaspace: 59586K(60096K)->59586K(60096K) NonClass: 52280K(52480K)->52280K(52480K) Class: 7306K(7616K)->7306K(7616K)
[2023-05-09T21:02:55.991+0800][gc          ] GC(10) Pause Young (Concurrent Start) (Metadata GC Threshold) 93M->43M(512M) 38.750ms
[2023-05-09T21:02:55.991+0800][gc,cpu      ] GC(10) User=0.06s Sys=0.08s Real=0.04s
[2023-05-09T21:02:55.992+0800][gc          ] GC(11) Concurrent Mark Cycle
[2023-05-09T21:02:55.992+0800][gc,marking  ] GC(11) Concurrent Clear Claimed Marks
[2023-05-09T21:02:55.992+0800][gc,marking  ] GC(11) Concurrent Clear Claimed Marks 0.041ms
[2023-05-09T21:02:55.992+0800][gc,marking  ] GC(11) Concurrent Scan Root Regions
[2023-05-09T21:02:56.000+0800][gc,marking  ] GC(11) Concurrent Scan Root Regions 7.839ms
[2023-05-09T21:02:56.000+0800][gc,marking  ] GC(11) Concurrent Mark
[2023-05-09T21:02:56.000+0800][gc,marking  ] GC(11) Concurrent Mark From Roots
[2023-05-09T21:02:56.000+0800][gc,task     ] GC(11) Using 2 workers of 2 for marking
[2023-05-09T21:02:56.012+0800][gc,marking  ] GC(11) Concurrent Mark From Roots 12.061ms
[2023-05-09T21:02:56.012+0800][gc,marking  ] GC(11) Concurrent Preclean
[2023-05-09T21:02:56.012+0800][gc,marking  ] GC(11) Concurrent Preclean 0.069ms
[2023-05-09T21:02:56.012+0800][gc,start    ] GC(11) Pause Remark
[2023-05-09T21:02:56.020+0800][gc          ] GC(11) Pause Remark 44M->44M(512M) 7.521ms
[2023-05-09T21:02:56.020+0800][gc,cpu      ] GC(11) User=0.01s Sys=0.01s Real=0.01s
[2023-05-09T21:02:56.020+0800][gc,marking  ] GC(11) Concurrent Mark 19.853ms
[2023-05-09T21:02:56.020+0800][gc,marking  ] GC(11) Concurrent Rebuild Remembered Sets
[2023-05-09T21:02:56.024+0800][gc,marking  ] GC(11) Concurrent Rebuild Remembered Sets 4.549ms
[2023-05-09T21:02:56.024+0800][gc,start    ] GC(11) Pause Cleanup
[2023-05-09T21:02:56.024+0800][gc          ] GC(11) Pause Cleanup 44M->44M(512M) 0.051ms
[2023-05-09T21:02:56.024+0800][gc,cpu      ] GC(11) User=0.00s Sys=0.00s Real=0.00s
[2023-05-09T21:02:56.024+0800][gc,marking  ] GC(11) Concurrent Cleanup for Next Mark
[2023-05-09T21:02:56.025+0800][gc,marking  ] GC(11) Concurrent Cleanup for Next Mark 0.757ms
[2023-05-09T21:02:56.025+0800][gc          ] GC(11) Concurrent Mark Cycle 33.289ms
[2023-05-09T21:10:49.404+0800][gc,start    ] GC(12) Pause Young (Prepare Mixed) (G1 Evacuation Pause)
[2023-05-09T21:10:49.405+0800][gc,task     ] GC(12) Using 8 workers of 8 for evacuation
[2023-05-09T21:10:49.455+0800][gc,phases   ] GC(12)   Pre Evacuate Collection Set: 0.9ms
[2023-05-09T21:10:49.455+0800][gc,phases   ] GC(12)   Merge Heap Roots: 0.5ms
[2023-05-09T21:10:49.455+0800][gc,phases   ] GC(12)   Evacuate Collection Set: 47.1ms
[2023-05-09T21:10:49.455+0800][gc,phases   ] GC(12)   Post Evacuate Collection Set: 1.6ms
[2023-05-09T21:10:49.456+0800][gc,phases   ] GC(12)   Other: 2.1ms
[2023-05-09T21:10:49.456+0800][gc,heap     ] GC(12) Eden regions: 239->0(239)
[2023-05-09T21:10:49.456+0800][gc,heap     ] GC(12) Survivor regions: 17->17(32)
[2023-05-09T21:10:49.456+0800][gc,heap     ] GC(12) Old regions: 17->17
[2023-05-09T21:10:49.456+0800][gc,heap     ] GC(12) Archive regions: 2->2
[2023-05-09T21:10:49.456+0800][gc,heap     ] GC(12) Humongous regions: 17->17
[2023-05-09T21:10:49.456+0800][gc,metaspace] GC(12) Metaspace: 61758K(62208K)->61758K(62208K) NonClass: 54325K(54528K)->54325K(54528K) Class: 7432K(7680K)->7432K(7680K)
[2023-05-09T21:10:49.456+0800][gc          ] GC(12) Pause Young (Prepare Mixed) (G1 Evacuation Pause) 290M->51M(512M) 52.066ms
[2023-05-09T21:10:49.456+0800][gc,cpu      ] GC(12) User=0.04s Sys=0.08s Real=0.05s
[2023-05-09T21:20:25.981+0800][gc,start    ] GC(13) Pause Young (Mixed) (G1 Evacuation Pause)
[2023-05-09T21:20:25.982+0800][gc,task     ] GC(13) Using 8 workers of 8 for evacuation
[2023-05-09T21:20:26.033+0800][gc,phases   ] GC(13)   Pre Evacuate Collection Set: 0.8ms
[2023-05-09T21:20:26.033+0800][gc,phases   ] GC(13)   Merge Heap Roots: 0.7ms
[2023-05-09T21:20:26.033+0800][gc,phases   ] GC(13)   Evacuate Collection Set: 47.4ms
[2023-05-09T21:20:26.033+0800][gc,phases   ] GC(13)   Post Evacuate Collection Set: 1.6ms
[2023-05-09T21:20:26.033+0800][gc,phases   ] GC(13)   Other: 2.8ms
[2023-05-09T21:20:26.033+0800][gc,heap     ] GC(13) Eden regions: 239->0(239)
[2023-05-09T21:20:26.033+0800][gc,heap     ] GC(13) Survivor regions: 17->17(32)
[2023-05-09T21:20:26.033+0800][gc,heap     ] GC(13) Old regions: 17->17
[2023-05-09T21:20:26.033+0800][gc,heap     ] GC(13) Archive regions: 2->2
[2023-05-09T21:20:26.033+0800][gc,heap     ] GC(13) Humongous regions: 17->17
[2023-05-09T21:20:26.033+0800][gc,metaspace] GC(13) Metaspace: 61950K(62464K)->61950K(62464K) NonClass: 54517K(54784K)->54517K(54784K) Class: 7433K(7680K)->7433K(7680K)
[2023-05-09T21:20:26.033+0800][gc          ] GC(13) Pause Young (Mixed) (G1 Evacuation Pause) 290M->50M(512M) 52.657ms
[2023-05-09T21:20:26.033+0800][gc,cpu      ] GC(13) User=0.05s Sys=0.10s Real=0.05s
[2023-05-09T21:30:09.869+0800][gc,start    ] GC(14) Pause Young (Normal) (G1 Evacuation Pause)
[2023-05-09T21:30:09.870+0800][gc,task     ] GC(14) Using 8 workers of 8 for evacuation
[2023-05-09T21:30:09.907+0800][gc,phases   ] GC(14)   Pre Evacuate Collection Set: 0.6ms
[2023-05-09T21:30:09.907+0800][gc,phases   ] GC(14)   Merge Heap Roots: 0.3ms
[2023-05-09T21:30:09.907+0800][gc,phases   ] GC(14)   Evacuate Collection Set: 35.1ms
[2023-05-09T21:30:09.907+0800][gc,phases   ] GC(14)   Post Evacuate Collection Set: 1.3ms
[2023-05-09T21:30:09.907+0800][gc,phases   ] GC(14)   Other: 1.0ms
[2023-05-09T21:30:09.907+0800][gc,heap     ] GC(14) Eden regions: 239->0(239)
[2023-05-09T21:30:09.907+0800][gc,heap     ] GC(14) Survivor regions: 17->17(32)
[2023-05-09T21:30:09.907+0800][gc,heap     ] GC(14) Old regions: 17->17
[2023-05-09T21:30:09.907+0800][gc,heap     ] GC(14) Archive regions: 2->2
[2023-05-09T21:30:09.907+0800][gc,heap     ] GC(14) Humongous regions: 17->17
[2023-05-09T21:30:09.908+0800][gc,metaspace] GC(14) Metaspace: 62101K(62592K)->62101K(62592K) NonClass: 54658K(54912K)->54658K(54912K) Class: 7442K(7680K)->7442K(7680K)
[2023-05-09T21:30:09.908+0800][gc          ] GC(14) Pause Young (Normal) (G1 Evacuation Pause) 289M->51M(512M) 38.477ms
[2023-05-09T21:30:09.908+0800][gc,cpu      ] GC(14) User=0.03s Sys=0.07s Real=0.04s
[2023-05-09T21:38:15.016+0800][gc,heap,exit] Heap
[2023-05-09T21:38:15.017+0800][gc,heap,exit]  garbage-first heap   total 524288K, used 244803K [0x00000007e0000000, 0x0000000800000000)
[2023-05-09T21:38:15.017+0800][gc,heap,exit]   region size 1024K, 205 young (209920K), 17 survivors (17408K)
[2023-05-09T21:38:15.017+0800][gc,heap,exit]  Metaspace       used 62300K, committed 62784K, reserved 1105920K
[2023-05-09T21:38:15.017+0800][gc,heap,exit]   class space    used 7468K, committed 7744K, reserved 1048576K
