[2023-05-07T09:52:01.819+0800][gc] Using G1
[2023-05-07T09:52:01.821+0800][gc,init] Version: 17.0.2+8-LTS-86 (release)
[2023-05-07T09:52:01.821+0800][gc,init] CPUs: 8 total, 8 available
[2023-05-07T09:52:01.821+0800][gc,init] Memory: 8192M
[2023-05-07T09:52:01.821+0800][gc,init] Large Page Support: Disabled
[2023-05-07T09:52:01.821+0800][gc,init] NUMA Support: Disabled
[2023-05-07T09:52:01.821+0800][gc,init] Compressed Oops: Enabled (Zero based)
[2023-05-07T09:52:01.821+0800][gc,init] Heap Region Size: 1M
[2023-05-07T09:52:01.821+0800][gc,init] Heap Min Capacity: 512M
[2023-05-07T09:52:01.821+0800][gc,init] Heap Initial Capacity: 512M
[2023-05-07T09:52:01.821+0800][gc,init] Heap Max Capacity: 512M
[2023-05-07T09:52:01.821+0800][gc,init] Pre-touch: Disabled
[2023-05-07T09:52:01.821+0800][gc,init] Parallel Workers: 8
[2023-05-07T09:52:01.821+0800][gc,init] Concurrent Workers: 2
[2023-05-07T09:52:01.821+0800][gc,init] Concurrent Refinement Workers: 8
[2023-05-07T09:52:01.821+0800][gc,init] Periodic GC: Disabled
[2023-05-07T09:52:01.821+0800][gc,metaspace] CDS archive(s) mapped at: [0x0000000800000000-0x0000000800bd8000-0x0000000800bd8000), size 12419072, SharedBaseAddress: 0x0000000800000000, ArchiveRelocationMode: 0.
[2023-05-07T09:52:01.821+0800][gc,metaspace] Compressed class space mapped at: 0x0000000800c00000-0x0000000840c00000, reserved size: 1073741824
[2023-05-07T09:52:01.821+0800][gc,metaspace] Narrow klass base: 0x0000000800000000, Narrow klass shift: 0, Narrow klass range: 0x100000000
[2023-05-07T09:52:02.631+0800][gc,start    ] GC(0) Pause Young (Normal) (G1 Evacuation Pause)
[2023-05-07T09:52:02.631+0800][gc,task     ] GC(0) Using 8 workers of 8 for evacuation
[2023-05-07T09:52:02.636+0800][gc,phases   ] GC(0)   Pre Evacuate Collection Set: 0.1ms
[2023-05-07T09:52:02.636+0800][gc,phases   ] GC(0)   Merge Heap Roots: 0.1ms
[2023-05-07T09:52:02.636+0800][gc,phases   ] GC(0)   Evacuate Collection Set: 4.4ms
[2023-05-07T09:52:02.636+0800][gc,phases   ] GC(0)   Post Evacuate Collection Set: 0.4ms
[2023-05-07T09:52:02.636+0800][gc,phases   ] GC(0)   Other: 0.7ms
[2023-05-07T09:52:02.636+0800][gc,heap     ] GC(0) Eden regions: 256->0(249)
[2023-05-07T09:52:02.636+0800][gc,heap     ] GC(0) Survivor regions: 0->7(32)
[2023-05-07T09:52:02.636+0800][gc,heap     ] GC(0) Old regions: 0->0
[2023-05-07T09:52:02.636+0800][gc,heap     ] GC(0) Archive regions: 2->2
[2023-05-07T09:52:02.636+0800][gc,heap     ] GC(0) Humongous regions: 0->0
[2023-05-07T09:52:02.636+0800][gc,metaspace] GC(0) Metaspace: 14673K(14848K)->14673K(14848K) NonClass: 12894K(12992K)->12894K(12992K) Class: 1778K(1856K)->1778K(1856K)
[2023-05-07T09:52:02.636+0800][gc          ] GC(0) Pause Young (Normal) (G1 Evacuation Pause) 256M->7M(512M) 5.763ms
[2023-05-07T09:52:02.636+0800][gc,cpu      ] GC(0) User=0.01s Sys=0.01s Real=0.00s
[2023-05-07T09:52:03.390+0800][gc,start    ] GC(1) Pause Young (Normal) (G1 Evacuation Pause)
[2023-05-07T09:52:03.390+0800][gc,task     ] GC(1) Using 8 workers of 8 for evacuation
[2023-05-07T09:52:03.400+0800][gc,phases   ] GC(1)   Pre Evacuate Collection Set: 0.2ms
[2023-05-07T09:52:03.400+0800][gc,phases   ] GC(1)   Merge Heap Roots: 0.2ms
[2023-05-07T09:52:03.400+0800][gc,phases   ] GC(1)   Evacuate Collection Set: 9.5ms
[2023-05-07T09:52:03.400+0800][gc,phases   ] GC(1)   Post Evacuate Collection Set: 0.9ms
[2023-05-07T09:52:03.400+0800][gc,phases   ] GC(1)   Other: 0.2ms
[2023-05-07T09:52:03.400+0800][gc,heap     ] GC(1) Eden regions: 249->0(247)
[2023-05-07T09:52:03.400+0800][gc,heap     ] GC(1) Survivor regions: 7->9(32)
[2023-05-07T09:52:03.401+0800][gc,heap     ] GC(1) Old regions: 0->0
[2023-05-07T09:52:03.401+0800][gc,heap     ] GC(1) Archive regions: 2->2
[2023-05-07T09:52:03.401+0800][gc,heap     ] GC(1) Humongous regions: 0->0
[2023-05-07T09:52:03.401+0800][gc,metaspace] GC(1) Metaspace: 20791K(20992K)->20791K(20992K) NonClass: 18187K(18304K)->18187K(18304K) Class: 2603K(2688K)->2603K(2688K)
[2023-05-07T09:52:03.401+0800][gc          ] GC(1) Pause Young (Normal) (G1 Evacuation Pause) 256M->9M(512M) 11.040ms
[2023-05-07T09:52:03.401+0800][gc,cpu      ] GC(1) User=0.02s Sys=0.02s Real=0.02s
[2023-05-07T09:52:03.609+0800][gc,start    ] GC(2) Pause Young (Concurrent Start) (GCLocker Initiated GC)
[2023-05-07T09:52:03.609+0800][gc,task     ] GC(2) Using 8 workers of 8 for evacuation
[2023-05-07T09:52:03.619+0800][gc,phases   ] GC(2)   Pre Evacuate Collection Set: 0.4ms
[2023-05-07T09:52:03.619+0800][gc,phases   ] GC(2)   Merge Heap Roots: 0.1ms
[2023-05-07T09:52:03.619+0800][gc,phases   ] GC(2)   Evacuate Collection Set: 8.4ms
[2023-05-07T09:52:03.619+0800][gc,phases   ] GC(2)   Post Evacuate Collection Set: 0.4ms
[2023-05-07T09:52:03.619+0800][gc,phases   ] GC(2)   Other: 0.3ms
[2023-05-07T09:52:03.619+0800][gc,heap     ] GC(2) Eden regions: 26->0(246)
[2023-05-07T09:52:03.619+0800][gc,heap     ] GC(2) Survivor regions: 9->10(32)
[2023-05-07T09:52:03.619+0800][gc,heap     ] GC(2) Old regions: 0->0
[2023-05-07T09:52:03.619+0800][gc,heap     ] GC(2) Archive regions: 2->2
[2023-05-07T09:52:03.619+0800][gc,heap     ] GC(2) Humongous regions: 0->0
[2023-05-07T09:52:03.619+0800][gc,metaspace] GC(2) Metaspace: 21327K(21568K)->21327K(21568K) NonClass: 18680K(18816K)->18680K(18816K) Class: 2647K(2752K)->2647K(2752K)
[2023-05-07T09:52:03.619+0800][gc          ] GC(2) Pause Young (Concurrent Start) (GCLocker Initiated GC) 35M->10M(512M) 9.813ms
[2023-05-07T09:52:03.619+0800][gc,cpu      ] GC(2) User=0.01s Sys=0.01s Real=0.01s
[2023-05-07T09:52:03.619+0800][gc          ] GC(3) Concurrent Mark Cycle
[2023-05-07T09:52:03.619+0800][gc,marking  ] GC(3) Concurrent Clear Claimed Marks
[2023-05-07T09:52:03.619+0800][gc,marking  ] GC(3) Concurrent Clear Claimed Marks 0.015ms
[2023-05-07T09:52:03.619+0800][gc,marking  ] GC(3) Concurrent Scan Root Regions
[2023-05-07T09:52:03.625+0800][gc,marking  ] GC(3) Concurrent Scan Root Regions 6.117ms
[2023-05-07T09:52:03.625+0800][gc,marking  ] GC(3) Concurrent Mark
[2023-05-07T09:52:03.625+0800][gc,marking  ] GC(3) Concurrent Mark From Roots
[2023-05-07T09:52:03.625+0800][gc,task     ] GC(3) Using 2 workers of 2 for marking
[2023-05-07T09:52:03.637+0800][gc,marking  ] GC(3) Concurrent Mark From Roots 12.081ms
[2023-05-07T09:52:03.637+0800][gc,marking  ] GC(3) Concurrent Preclean
[2023-05-07T09:52:03.638+0800][gc,marking  ] GC(3) Concurrent Preclean 0.035ms
[2023-05-07T09:52:03.638+0800][gc,start    ] GC(3) Pause Remark
[2023-05-07T09:52:03.645+0800][gc          ] GC(3) Pause Remark 17M->17M(512M) 6.412ms
[2023-05-07T09:52:03.645+0800][gc,cpu      ] GC(3) User=0.00s Sys=0.00s Real=0.01s
[2023-05-07T09:52:03.646+0800][gc,marking  ] GC(3) Concurrent Mark 20.202ms
[2023-05-07T09:52:03.646+0800][gc,marking  ] GC(3) Concurrent Rebuild Remembered Sets
[2023-05-07T09:52:03.646+0800][gc,marking  ] GC(3) Concurrent Rebuild Remembered Sets 0.013ms
[2023-05-07T09:52:03.646+0800][gc,start    ] GC(3) Pause Cleanup
[2023-05-07T09:52:03.646+0800][gc          ] GC(3) Pause Cleanup 17M->17M(512M) 0.025ms
[2023-05-07T09:52:03.646+0800][gc,cpu      ] GC(3) User=0.00s Sys=0.00s Real=0.00s
[2023-05-07T09:52:03.646+0800][gc,marking  ] GC(3) Concurrent Cleanup for Next Mark
[2023-05-07T09:52:03.647+0800][gc,marking  ] GC(3) Concurrent Cleanup for Next Mark 1.247ms
[2023-05-07T09:52:03.647+0800][gc          ] GC(3) Concurrent Mark Cycle 27.887ms
[2023-05-07T09:52:04.713+0800][gc,start    ] GC(4) Pause Young (Normal) (G1 Evacuation Pause)
[2023-05-07T09:52:04.713+0800][gc,task     ] GC(4) Using 8 workers of 8 for evacuation
[2023-05-07T09:52:04.736+0800][gc,phases   ] GC(4)   Pre Evacuate Collection Set: 0.1ms
[2023-05-07T09:52:04.736+0800][gc,phases   ] GC(4)   Merge Heap Roots: 0.1ms
[2023-05-07T09:52:04.736+0800][gc,phases   ] GC(4)   Evacuate Collection Set: 17.7ms
[2023-05-07T09:52:04.736+0800][gc,phases   ] GC(4)   Post Evacuate Collection Set: 4.6ms
[2023-05-07T09:52:04.737+0800][gc,phases   ] GC(4)   Other: 0.5ms
[2023-05-07T09:52:04.737+0800][gc,heap     ] GC(4) Eden regions: 246->0(243)
[2023-05-07T09:52:04.737+0800][gc,heap     ] GC(4) Survivor regions: 10->13(32)
[2023-05-07T09:52:04.737+0800][gc,heap     ] GC(4) Old regions: 0->0
[2023-05-07T09:52:04.737+0800][gc,heap     ] GC(4) Archive regions: 2->2
[2023-05-07T09:52:04.737+0800][gc,heap     ] GC(4) Humongous regions: 0->0
[2023-05-07T09:52:04.737+0800][gc,metaspace] GC(4) Metaspace: 23210K(23552K)->23210K(23552K) NonClass: 20350K(20544K)->20350K(20544K) Class: 2859K(3008K)->2859K(3008K)
[2023-05-07T09:52:04.737+0800][gc          ] GC(4) Pause Young (Normal) (G1 Evacuation Pause) 256M->13M(512M) 23.517ms
[2023-05-07T09:52:04.737+0800][gc,cpu      ] GC(4) User=0.03s Sys=0.03s Real=0.02s
[2023-05-07T09:52:06.009+0800][gc,start    ] GC(5) Pause Young (Normal) (G1 Evacuation Pause)
[2023-05-07T09:52:06.009+0800][gc,task     ] GC(5) Using 8 workers of 8 for evacuation
[2023-05-07T09:52:06.019+0800][gc,phases   ] GC(5)   Pre Evacuate Collection Set: 0.1ms
[2023-05-07T09:52:06.019+0800][gc,phases   ] GC(5)   Merge Heap Roots: 0.1ms
[2023-05-07T09:52:06.019+0800][gc,phases   ] GC(5)   Evacuate Collection Set: 9.2ms
[2023-05-07T09:52:06.019+0800][gc,phases   ] GC(5)   Post Evacuate Collection Set: 0.8ms
[2023-05-07T09:52:06.020+0800][gc,phases   ] GC(5)   Other: 0.1ms
[2023-05-07T09:52:06.020+0800][gc,heap     ] GC(5) Eden regions: 243->0(238)
[2023-05-07T09:52:06.020+0800][gc,heap     ] GC(5) Survivor regions: 13->18(32)
[2023-05-07T09:52:06.020+0800][gc,heap     ] GC(5) Old regions: 0->0
[2023-05-07T09:52:06.020+0800][gc,heap     ] GC(5) Archive regions: 2->2
[2023-05-07T09:52:06.020+0800][gc,heap     ] GC(5) Humongous regions: 0->0
[2023-05-07T09:52:06.020+0800][gc,metaspace] GC(5) Metaspace: 30554K(30912K)->30554K(30912K) NonClass: 26757K(26944K)->26757K(26944K) Class: 3797K(3968K)->3797K(3968K)
[2023-05-07T09:52:06.020+0800][gc          ] GC(5) Pause Young (Normal) (G1 Evacuation Pause) 256M->18M(512M) 10.423ms
[2023-05-07T09:52:06.020+0800][gc,cpu      ] GC(5) User=0.05s Sys=0.01s Real=0.02s
[2023-05-07T09:52:07.026+0800][gc,start    ] GC(6) Pause Young (Concurrent Start) (Metadata GC Threshold)
[2023-05-07T09:52:07.026+0800][gc,task     ] GC(6) Using 8 workers of 8 for evacuation
[2023-05-07T09:52:07.061+0800][gc,phases   ] GC(6)   Pre Evacuate Collection Set: 0.1ms
[2023-05-07T09:52:07.061+0800][gc,phases   ] GC(6)   Merge Heap Roots: 0.1ms
[2023-05-07T09:52:07.061+0800][gc,phases   ] GC(6)   Evacuate Collection Set: 33.0ms
[2023-05-07T09:52:07.061+0800][gc,phases   ] GC(6)   Post Evacuate Collection Set: 1.6ms
[2023-05-07T09:52:07.061+0800][gc,phases   ] GC(6)   Other: 0.3ms
[2023-05-07T09:52:07.061+0800][gc,heap     ] GC(6) Eden regions: 133->0(240)
[2023-05-07T09:52:07.061+0800][gc,heap     ] GC(6) Survivor regions: 18->16(32)
[2023-05-07T09:52:07.061+0800][gc,heap     ] GC(6) Old regions: 0->6
[2023-05-07T09:52:07.061+0800][gc,heap     ] GC(6) Archive regions: 2->2
[2023-05-07T09:52:07.061+0800][gc,heap     ] GC(6) Humongous regions: 0->0
[2023-05-07T09:52:07.061+0800][gc,metaspace] GC(6) Metaspace: 35681K(35968K)->35681K(35968K) NonClass: 31295K(31424K)->31295K(31424K) Class: 4386K(4544K)->4386K(4544K)
[2023-05-07T09:52:07.061+0800][gc          ] GC(6) Pause Young (Concurrent Start) (Metadata GC Threshold) 151M->22M(512M) 35.238ms
[2023-05-07T09:52:07.061+0800][gc,cpu      ] GC(6) User=0.07s Sys=0.04s Real=0.04s
[2023-05-07T09:52:07.061+0800][gc          ] GC(7) Concurrent Mark Cycle
[2023-05-07T09:52:07.061+0800][gc,marking  ] GC(7) Concurrent Clear Claimed Marks
[2023-05-07T09:52:07.061+0800][gc,marking  ] GC(7) Concurrent Clear Claimed Marks 0.041ms
[2023-05-07T09:52:07.061+0800][gc,marking  ] GC(7) Concurrent Scan Root Regions
[2023-05-07T09:52:07.069+0800][gc,marking  ] GC(7) Concurrent Scan Root Regions 8.185ms
[2023-05-07T09:52:07.069+0800][gc,marking  ] GC(7) Concurrent Mark
[2023-05-07T09:52:07.069+0800][gc,marking  ] GC(7) Concurrent Mark From Roots
[2023-05-07T09:52:07.069+0800][gc,task     ] GC(7) Using 2 workers of 2 for marking
[2023-05-07T09:52:07.071+0800][gc,marking  ] GC(7) Concurrent Mark From Roots 1.643ms
[2023-05-07T09:52:07.071+0800][gc,marking  ] GC(7) Concurrent Preclean
[2023-05-07T09:52:07.071+0800][gc,marking  ] GC(7) Concurrent Preclean 0.018ms
[2023-05-07T09:52:07.071+0800][gc,start    ] GC(7) Pause Remark
[2023-05-07T09:52:07.074+0800][gc          ] GC(7) Pause Remark 24M->24M(512M) 2.702ms
[2023-05-07T09:52:07.074+0800][gc,cpu      ] GC(7) User=0.01s Sys=0.00s Real=0.00s
[2023-05-07T09:52:07.074+0800][gc,marking  ] GC(7) Concurrent Mark 4.883ms
[2023-05-07T09:52:07.074+0800][gc,marking  ] GC(7) Concurrent Rebuild Remembered Sets
[2023-05-07T09:52:07.078+0800][gc,marking  ] GC(7) Concurrent Rebuild Remembered Sets 3.456ms
[2023-05-07T09:52:07.078+0800][gc,start    ] GC(7) Pause Cleanup
[2023-05-07T09:52:07.078+0800][gc          ] GC(7) Pause Cleanup 24M->24M(512M) 0.131ms
[2023-05-07T09:52:07.078+0800][gc,cpu      ] GC(7) User=0.00s Sys=0.00s Real=0.00s
[2023-05-07T09:52:07.078+0800][gc,marking  ] GC(7) Concurrent Cleanup for Next Mark
[2023-05-07T09:52:07.079+0800][gc,marking  ] GC(7) Concurrent Cleanup for Next Mark 1.066ms
[2023-05-07T09:52:07.079+0800][gc          ] GC(7) Concurrent Mark Cycle 18.201ms
[2023-05-07T09:52:10.562+0800][gc,start    ] GC(8) Pause Young (Normal) (G1 Evacuation Pause)
[2023-05-07T09:52:10.562+0800][gc,task     ] GC(8) Using 8 workers of 8 for evacuation
[2023-05-07T09:52:10.595+0800][gc,phases   ] GC(8)   Pre Evacuate Collection Set: 0.3ms
[2023-05-07T09:52:10.595+0800][gc,phases   ] GC(8)   Merge Heap Roots: 0.1ms
[2023-05-07T09:52:10.596+0800][gc,phases   ] GC(8)   Evacuate Collection Set: 28.2ms
[2023-05-07T09:52:10.596+0800][gc,phases   ] GC(8)   Post Evacuate Collection Set: 4.5ms
[2023-05-07T09:52:10.596+0800][gc,phases   ] GC(8)   Other: 0.3ms
[2023-05-07T09:52:10.596+0800][gc,heap     ] GC(8) Eden regions: 240->0(230)
[2023-05-07T09:52:10.596+0800][gc,heap     ] GC(8) Survivor regions: 16->26(32)
[2023-05-07T09:52:10.596+0800][gc,heap     ] GC(8) Old regions: 6->6
[2023-05-07T09:52:10.596+0800][gc,heap     ] GC(8) Archive regions: 2->2
[2023-05-07T09:52:10.596+0800][gc,heap     ] GC(8) Humongous regions: 5->5
[2023-05-07T09:52:10.596+0800][gc,metaspace] GC(8) Metaspace: 49348K(49792K)->49348K(49792K) NonClass: 43221K(43456K)->43221K(43456K) Class: 6126K(6336K)->6126K(6336K)
[2023-05-07T09:52:10.596+0800][gc          ] GC(8) Pause Young (Normal) (G1 Evacuation Pause) 267M->36M(512M) 33.726ms
[2023-05-07T09:52:10.596+0800][gc,cpu      ] GC(8) User=0.08s Sys=0.03s Real=0.03s
[2023-05-07T09:58:02.158+0800][gc,start    ] GC(9) Pause Young (Normal) (G1 Evacuation Pause)
[2023-05-07T09:58:02.159+0800][gc,task     ] GC(9) Using 8 workers of 8 for evacuation
[2023-05-07T09:58:02.238+0800][gc,phases   ] GC(9)   Pre Evacuate Collection Set: 1.4ms
[2023-05-07T09:58:02.238+0800][gc,phases   ] GC(9)   Merge Heap Roots: 0.2ms
[2023-05-07T09:58:02.238+0800][gc,phases   ] GC(9)   Evacuate Collection Set: 73.9ms
[2023-05-07T09:58:02.238+0800][gc,phases   ] GC(9)   Post Evacuate Collection Set: 3.0ms
[2023-05-07T09:58:02.238+0800][gc,phases   ] GC(9)   Other: 0.9ms
[2023-05-07T09:58:02.238+0800][gc,heap     ] GC(9) Eden regions: 230->0(237)
[2023-05-07T09:58:02.238+0800][gc,heap     ] GC(9) Survivor regions: 26->19(32)
[2023-05-07T09:58:02.238+0800][gc,heap     ] GC(9) Old regions: 6->14
[2023-05-07T09:58:02.238+0800][gc,heap     ] GC(9) Archive regions: 2->2
[2023-05-07T09:58:02.238+0800][gc,heap     ] GC(9) Humongous regions: 7->7
[2023-05-07T09:58:02.238+0800][gc,metaspace] GC(9) Metaspace: 59102K(59648K)->59102K(59648K) NonClass: 51787K(52032K)->51787K(52032K) Class: 7315K(7616K)->7315K(7616K)
[2023-05-07T09:58:02.238+0800][gc          ] GC(9) Pause Young (Normal) (G1 Evacuation Pause) 268M->39M(512M) 79.391ms
[2023-05-07T09:58:02.238+0800][gc,cpu      ] GC(9) User=0.08s Sys=0.20s Real=0.08s
[2023-05-07T10:06:32.579+0800][gc,start    ] GC(10) Pause Young (Concurrent Start) (Metadata GC Threshold)
[2023-05-07T10:06:32.580+0800][gc,task     ] GC(10) Using 8 workers of 8 for evacuation
[2023-05-07T10:06:32.622+0800][gc,phases   ] GC(10)   Pre Evacuate Collection Set: 1.0ms
[2023-05-07T10:06:32.622+0800][gc,phases   ] GC(10)   Merge Heap Roots: 0.3ms
[2023-05-07T10:06:32.622+0800][gc,phases   ] GC(10)   Evacuate Collection Set: 36.9ms
[2023-05-07T10:06:32.622+0800][gc,phases   ] GC(10)   Post Evacuate Collection Set: 2.5ms
[2023-05-07T10:06:32.622+0800][gc,phases   ] GC(10)   Other: 3.0ms
[2023-05-07T10:06:32.622+0800][gc,heap     ] GC(10) Eden regions: 29->0(240)
[2023-05-07T10:06:32.622+0800][gc,heap     ] GC(10) Survivor regions: 19->16(32)
[2023-05-07T10:06:32.622+0800][gc,heap     ] GC(10) Old regions: 14->17
[2023-05-07T10:06:32.622+0800][gc,heap     ] GC(10) Archive regions: 2->2
[2023-05-07T10:06:32.622+0800][gc,heap     ] GC(10) Humongous regions: 7->7
[2023-05-07T10:06:32.622+0800][gc,metaspace] GC(10) Metaspace: 59660K(60160K)->59660K(60160K) NonClass: 52339K(52544K)->52339K(52544K) Class: 7320K(7616K)->7320K(7616K)
[2023-05-07T10:06:32.622+0800][gc          ] GC(10) Pause Young (Concurrent Start) (Metadata GC Threshold) 68M->40M(512M) 43.451ms
[2023-05-07T10:06:32.622+0800][gc,cpu      ] GC(10) User=0.04s Sys=0.06s Real=0.05s
[2023-05-07T10:06:32.623+0800][gc          ] GC(11) Concurrent Mark Cycle
[2023-05-07T10:06:32.623+0800][gc,marking  ] GC(11) Concurrent Clear Claimed Marks
[2023-05-07T10:06:32.623+0800][gc,marking  ] GC(11) Concurrent Clear Claimed Marks 0.068ms
[2023-05-07T10:06:32.623+0800][gc,marking  ] GC(11) Concurrent Scan Root Regions
[2023-05-07T10:06:32.632+0800][gc,marking  ] GC(11) Concurrent Scan Root Regions 9.485ms
[2023-05-07T10:06:32.632+0800][gc,marking  ] GC(11) Concurrent Mark
[2023-05-07T10:06:32.632+0800][gc,marking  ] GC(11) Concurrent Mark From Roots
[2023-05-07T10:06:32.632+0800][gc,task     ] GC(11) Using 2 workers of 2 for marking
[2023-05-07T10:06:32.644+0800][gc,marking  ] GC(11) Concurrent Mark From Roots 12.017ms
[2023-05-07T10:06:32.644+0800][gc,marking  ] GC(11) Concurrent Preclean
[2023-05-07T10:06:32.645+0800][gc,marking  ] GC(11) Concurrent Preclean 0.265ms
[2023-05-07T10:06:32.645+0800][gc,start    ] GC(11) Pause Remark
[2023-05-07T10:06:32.710+0800][gc          ] GC(11) Pause Remark 41M->41M(512M) 65.662ms
[2023-05-07T10:06:32.711+0800][gc,cpu      ] GC(11) User=0.02s Sys=0.06s Real=0.07s
[2023-05-07T10:06:32.711+0800][gc,marking  ] GC(11) Concurrent Mark 78.185ms
[2023-05-07T10:06:32.711+0800][gc,marking  ] GC(11) Concurrent Rebuild Remembered Sets
[2023-05-07T10:06:32.716+0800][gc,marking  ] GC(11) Concurrent Rebuild Remembered Sets 5.593ms
[2023-05-07T10:06:32.717+0800][gc,start    ] GC(11) Pause Cleanup
[2023-05-07T10:06:32.717+0800][gc          ] GC(11) Pause Cleanup 41M->41M(512M) 0.064ms
[2023-05-07T10:06:32.717+0800][gc,cpu      ] GC(11) User=0.00s Sys=0.00s Real=0.00s
[2023-05-07T10:06:32.717+0800][gc,marking  ] GC(11) Concurrent Cleanup for Next Mark
[2023-05-07T10:06:32.718+0800][gc,marking  ] GC(11) Concurrent Cleanup for Next Mark 0.912ms
[2023-05-07T10:06:32.718+0800][gc          ] GC(11) Concurrent Mark Cycle 94.995ms
[2023-05-07T11:02:29.183+0800][gc,heap,exit] Heap
[2023-05-07T11:02:29.184+0800][gc,heap,exit]  garbage-first heap   total 524288K, used 231542K [0x00000007e0000000, 0x0000000800000000)
[2023-05-07T11:02:29.184+0800][gc,heap,exit]   region size 1024K, 200 young (204800K), 16 survivors (16384K)
[2023-05-07T11:02:29.184+0800][gc,heap,exit]  Metaspace       used 61230K, committed 61760K, reserved 1105920K
[2023-05-07T11:02:29.184+0800][gc,heap,exit]   class space    used 7338K, committed 7616K, reserved 1048576K
