[2023-05-10T09:42:03.526+0800][gc] Using G1
[2023-05-10T09:42:03.527+0800][gc,init] Version: 17.0.2+8-LTS-86 (release)
[2023-05-10T09:42:03.527+0800][gc,init] CPUs: 8 total, 8 available
[2023-05-10T09:42:03.527+0800][gc,init] Memory: 8192M
[2023-05-10T09:42:03.527+0800][gc,init] Large Page Support: Disabled
[2023-05-10T09:42:03.527+0800][gc,init] NUMA Support: Disabled
[2023-05-10T09:42:03.527+0800][gc,init] Compressed Oops: Enabled (Zero based)
[2023-05-10T09:42:03.527+0800][gc,init] Heap Region Size: 1M
[2023-05-10T09:42:03.527+0800][gc,init] Heap Min Capacity: 512M
[2023-05-10T09:42:03.527+0800][gc,init] Heap Initial Capacity: 512M
[2023-05-10T09:42:03.527+0800][gc,init] Heap Max Capacity: 512M
[2023-05-10T09:42:03.527+0800][gc,init] Pre-touch: Disabled
[2023-05-10T09:42:03.527+0800][gc,init] Parallel Workers: 8
[2023-05-10T09:42:03.527+0800][gc,init] Concurrent Workers: 2
[2023-05-10T09:42:03.527+0800][gc,init] Concurrent Refinement Workers: 8
[2023-05-10T09:42:03.527+0800][gc,init] Periodic GC: Disabled
[2023-05-10T09:42:03.527+0800][gc,metaspace] CDS archive(s) mapped at: [0x0000000800000000-0x0000000800bd8000-0x0000000800bd8000), size 12419072, SharedBaseAddress: 0x0000000800000000, ArchiveRelocationMode: 0.
[2023-05-10T09:42:03.527+0800][gc,metaspace] Compressed class space mapped at: 0x0000000800c00000-0x0000000840c00000, reserved size: 1073741824
[2023-05-10T09:42:03.527+0800][gc,metaspace] Narrow klass base: 0x0000000800000000, Narrow klass shift: 0, Narrow klass range: 0x100000000
[2023-05-10T09:42:04.146+0800][gc,start    ] GC(0) Pause Young (Normal) (G1 Evacuation Pause)
[2023-05-10T09:42:04.147+0800][gc,task     ] GC(0) Using 8 workers of 8 for evacuation
[2023-05-10T09:42:04.150+0800][gc,phases   ] GC(0)   Pre Evacuate Collection Set: 0.1ms
[2023-05-10T09:42:04.150+0800][gc,phases   ] GC(0)   Merge Heap Roots: 0.0ms
[2023-05-10T09:42:04.150+0800][gc,phases   ] GC(0)   Evacuate Collection Set: 3.3ms
[2023-05-10T09:42:04.150+0800][gc,phases   ] GC(0)   Post Evacuate Collection Set: 0.4ms
[2023-05-10T09:42:04.150+0800][gc,phases   ] GC(0)   Other: 0.3ms
[2023-05-10T09:42:04.150+0800][gc,heap     ] GC(0) Eden regions: 256->0(249)
[2023-05-10T09:42:04.150+0800][gc,heap     ] GC(0) Survivor regions: 0->7(32)
[2023-05-10T09:42:04.150+0800][gc,heap     ] GC(0) Old regions: 0->0
[2023-05-10T09:42:04.150+0800][gc,heap     ] GC(0) Archive regions: 2->2
[2023-05-10T09:42:04.151+0800][gc,heap     ] GC(0) Humongous regions: 0->0
[2023-05-10T09:42:04.151+0800][gc,metaspace] GC(0) Metaspace: 14264K(14464K)->14264K(14464K) NonClass: 12534K(12672K)->12534K(12672K) Class: 1730K(1792K)->1730K(1792K)
[2023-05-10T09:42:04.151+0800][gc          ] GC(0) Pause Young (Normal) (G1 Evacuation Pause) 256M->7M(512M) 4.096ms
[2023-05-10T09:42:04.151+0800][gc,cpu      ] GC(0) User=0.02s Sys=0.01s Real=0.01s
[2023-05-10T09:42:04.391+0800][gc,start    ] GC(1) Pause Young (Normal) (G1 Evacuation Pause)
[2023-05-10T09:42:04.391+0800][gc,task     ] GC(1) Using 8 workers of 8 for evacuation
[2023-05-10T09:42:04.394+0800][gc,phases   ] GC(1)   Pre Evacuate Collection Set: 0.0ms
[2023-05-10T09:42:04.394+0800][gc,phases   ] GC(1)   Merge Heap Roots: 0.0ms
[2023-05-10T09:42:04.394+0800][gc,phases   ] GC(1)   Evacuate Collection Set: 2.0ms
[2023-05-10T09:42:04.394+0800][gc,phases   ] GC(1)   Post Evacuate Collection Set: 0.3ms
[2023-05-10T09:42:04.394+0800][gc,phases   ] GC(1)   Other: 0.1ms
[2023-05-10T09:42:04.394+0800][gc,heap     ] GC(1) Eden regions: 249->0(248)
[2023-05-10T09:42:04.394+0800][gc,heap     ] GC(1) Survivor regions: 7->8(32)
[2023-05-10T09:42:04.394+0800][gc,heap     ] GC(1) Old regions: 0->0
[2023-05-10T09:42:04.394+0800][gc,heap     ] GC(1) Archive regions: 2->2
[2023-05-10T09:42:04.394+0800][gc,heap     ] GC(1) Humongous regions: 0->0
[2023-05-10T09:42:04.394+0800][gc,metaspace] GC(1) Metaspace: 18063K(18368K)->18063K(18368K) NonClass: 15823K(16000K)->15823K(16000K) Class: 2239K(2368K)->2239K(2368K)
[2023-05-10T09:42:04.394+0800][gc          ] GC(1) Pause Young (Normal) (G1 Evacuation Pause) 256M->8M(512M) 2.483ms
[2023-05-10T09:42:04.394+0800][gc,cpu      ] GC(1) User=0.01s Sys=0.00s Real=0.00s
[2023-05-10T09:42:04.533+0800][gc,start    ] GC(2) Pause Young (Concurrent Start) (Metadata GC Threshold)
[2023-05-10T09:42:04.533+0800][gc,task     ] GC(2) Using 8 workers of 8 for evacuation
[2023-05-10T09:42:04.536+0800][gc,phases   ] GC(2)   Pre Evacuate Collection Set: 0.1ms
[2023-05-10T09:42:04.536+0800][gc,phases   ] GC(2)   Merge Heap Roots: 0.0ms
[2023-05-10T09:42:04.536+0800][gc,phases   ] GC(2)   Evacuate Collection Set: 2.5ms
[2023-05-10T09:42:04.536+0800][gc,phases   ] GC(2)   Post Evacuate Collection Set: 0.2ms
[2023-05-10T09:42:04.536+0800][gc,phases   ] GC(2)   Other: 0.1ms
[2023-05-10T09:42:04.536+0800][gc,heap     ] GC(2) Eden regions: 88->0(247)
[2023-05-10T09:42:04.536+0800][gc,heap     ] GC(2) Survivor regions: 8->9(32)
[2023-05-10T09:42:04.536+0800][gc,heap     ] GC(2) Old regions: 0->0
[2023-05-10T09:42:04.536+0800][gc,heap     ] GC(2) Archive regions: 2->2
[2023-05-10T09:42:04.536+0800][gc,heap     ] GC(2) Humongous regions: 0->0
[2023-05-10T09:42:04.536+0800][gc,metaspace] GC(2) Metaspace: 21294K(21504K)->21294K(21504K) NonClass: 18656K(18752K)->18656K(18752K) Class: 2637K(2752K)->2637K(2752K)
[2023-05-10T09:42:04.536+0800][gc          ] GC(2) Pause Young (Concurrent Start) (Metadata GC Threshold) 96M->9M(512M) 3.067ms
[2023-05-10T09:42:04.536+0800][gc,cpu      ] GC(2) User=0.02s Sys=0.00s Real=0.00s
[2023-05-10T09:42:04.536+0800][gc          ] GC(3) Concurrent Mark Cycle
[2023-05-10T09:42:04.536+0800][gc,marking  ] GC(3) Concurrent Clear Claimed Marks
[2023-05-10T09:42:04.536+0800][gc,marking  ] GC(3) Concurrent Clear Claimed Marks 0.016ms
[2023-05-10T09:42:04.536+0800][gc,marking  ] GC(3) Concurrent Scan Root Regions
[2023-05-10T09:42:04.538+0800][gc,marking  ] GC(3) Concurrent Scan Root Regions 2.304ms
[2023-05-10T09:42:04.538+0800][gc,marking  ] GC(3) Concurrent Mark
[2023-05-10T09:42:04.538+0800][gc,marking  ] GC(3) Concurrent Mark From Roots
[2023-05-10T09:42:04.538+0800][gc,task     ] GC(3) Using 2 workers of 2 for marking
[2023-05-10T09:42:04.539+0800][gc,marking  ] GC(3) Concurrent Mark From Roots 0.899ms
[2023-05-10T09:42:04.539+0800][gc,marking  ] GC(3) Concurrent Preclean
[2023-05-10T09:42:04.539+0800][gc,marking  ] GC(3) Concurrent Preclean 0.012ms
[2023-05-10T09:42:04.539+0800][gc,start    ] GC(3) Pause Remark
[2023-05-10T09:42:04.540+0800][gc          ] GC(3) Pause Remark 10M->10M(512M) 0.720ms
[2023-05-10T09:42:04.540+0800][gc,cpu      ] GC(3) User=0.00s Sys=0.00s Real=0.01s
[2023-05-10T09:42:04.540+0800][gc,marking  ] GC(3) Concurrent Mark 1.761ms
[2023-05-10T09:42:04.540+0800][gc,marking  ] GC(3) Concurrent Rebuild Remembered Sets
[2023-05-10T09:42:04.540+0800][gc,marking  ] GC(3) Concurrent Rebuild Remembered Sets 0.003ms
[2023-05-10T09:42:04.540+0800][gc,start    ] GC(3) Pause Cleanup
[2023-05-10T09:42:04.540+0800][gc          ] GC(3) Pause Cleanup 10M->10M(512M) 0.011ms
[2023-05-10T09:42:04.540+0800][gc,cpu      ] GC(3) User=0.00s Sys=0.00s Real=0.00s
[2023-05-10T09:42:04.540+0800][gc,marking  ] GC(3) Concurrent Cleanup for Next Mark
[2023-05-10T09:42:04.541+0800][gc,marking  ] GC(3) Concurrent Cleanup for Next Mark 1.044ms
[2023-05-10T09:42:04.541+0800][gc          ] GC(3) Concurrent Mark Cycle 5.301ms
[2023-05-10T09:42:04.879+0800][gc,start    ] GC(4) Pause Young (Normal) (G1 Evacuation Pause)
[2023-05-10T09:42:04.879+0800][gc,task     ] GC(4) Using 8 workers of 8 for evacuation
[2023-05-10T09:42:04.883+0800][gc,phases   ] GC(4)   Pre Evacuate Collection Set: 0.1ms
[2023-05-10T09:42:04.883+0800][gc,phases   ] GC(4)   Merge Heap Roots: 0.1ms
[2023-05-10T09:42:04.883+0800][gc,phases   ] GC(4)   Evacuate Collection Set: 3.2ms
[2023-05-10T09:42:04.883+0800][gc,phases   ] GC(4)   Post Evacuate Collection Set: 0.5ms
[2023-05-10T09:42:04.883+0800][gc,phases   ] GC(4)   Other: 0.1ms
[2023-05-10T09:42:04.883+0800][gc,heap     ] GC(4) Eden regions: 247->0(243)
[2023-05-10T09:42:04.883+0800][gc,heap     ] GC(4) Survivor regions: 9->13(32)
[2023-05-10T09:42:04.883+0800][gc,heap     ] GC(4) Old regions: 0->0
[2023-05-10T09:42:04.883+0800][gc,heap     ] GC(4) Archive regions: 2->2
[2023-05-10T09:42:04.883+0800][gc,heap     ] GC(4) Humongous regions: 0->0
[2023-05-10T09:42:04.883+0800][gc,metaspace] GC(4) Metaspace: 23406K(23744K)->23406K(23744K) NonClass: 20542K(20736K)->20542K(20736K) Class: 2863K(3008K)->2863K(3008K)
[2023-05-10T09:42:04.883+0800][gc          ] GC(4) Pause Young (Normal) (G1 Evacuation Pause) 256M->13M(512M) 3.988ms
[2023-05-10T09:42:04.883+0800][gc,cpu      ] GC(4) User=0.02s Sys=0.00s Real=0.01s
[2023-05-10T09:42:05.312+0800][gc,start    ] GC(5) Pause Young (Normal) (G1 Evacuation Pause)
[2023-05-10T09:42:05.312+0800][gc,task     ] GC(5) Using 8 workers of 8 for evacuation
[2023-05-10T09:42:05.317+0800][gc,phases   ] GC(5)   Pre Evacuate Collection Set: 0.1ms
[2023-05-10T09:42:05.317+0800][gc,phases   ] GC(5)   Merge Heap Roots: 0.1ms
[2023-05-10T09:42:05.318+0800][gc,phases   ] GC(5)   Evacuate Collection Set: 4.2ms
[2023-05-10T09:42:05.318+0800][gc,phases   ] GC(5)   Post Evacuate Collection Set: 0.7ms
[2023-05-10T09:42:05.318+0800][gc,phases   ] GC(5)   Other: 0.1ms
[2023-05-10T09:42:05.318+0800][gc,heap     ] GC(5) Eden regions: 243->0(239)
[2023-05-10T09:42:05.318+0800][gc,heap     ] GC(5) Survivor regions: 13->17(32)
[2023-05-10T09:42:05.318+0800][gc,heap     ] GC(5) Old regions: 0->0
[2023-05-10T09:42:05.318+0800][gc,heap     ] GC(5) Archive regions: 2->2
[2023-05-10T09:42:05.318+0800][gc,heap     ] GC(5) Humongous regions: 0->0
[2023-05-10T09:42:05.318+0800][gc,metaspace] GC(5) Metaspace: 28158K(28480K)->28158K(28480K) NonClass: 24667K(24832K)->24667K(24832K) Class: 3491K(3648K)->3491K(3648K)
[2023-05-10T09:42:05.318+0800][gc          ] GC(5) Pause Young (Normal) (G1 Evacuation Pause) 256M->17M(512M) 5.271ms
[2023-05-10T09:42:05.318+0800][gc,cpu      ] GC(5) User=0.03s Sys=0.01s Real=0.00s
[2023-05-10T09:42:05.871+0800][gc,start    ] GC(6) Pause Young (Concurrent Start) (Metadata GC Threshold)
[2023-05-10T09:42:05.871+0800][gc,task     ] GC(6) Using 8 workers of 8 for evacuation
[2023-05-10T09:42:05.878+0800][gc,phases   ] GC(6)   Pre Evacuate Collection Set: 0.1ms
[2023-05-10T09:42:05.878+0800][gc,phases   ] GC(6)   Merge Heap Roots: 0.0ms
[2023-05-10T09:42:05.878+0800][gc,phases   ] GC(6)   Evacuate Collection Set: 5.5ms
[2023-05-10T09:42:05.878+0800][gc,phases   ] GC(6)   Post Evacuate Collection Set: 0.8ms
[2023-05-10T09:42:05.878+0800][gc,phases   ] GC(6)   Other: 0.1ms
[2023-05-10T09:42:05.878+0800][gc,heap     ] GC(6) Eden regions: 198->0(235)
[2023-05-10T09:42:05.878+0800][gc,heap     ] GC(6) Survivor regions: 17->21(32)
[2023-05-10T09:42:05.878+0800][gc,heap     ] GC(6) Old regions: 0->0
[2023-05-10T09:42:05.878+0800][gc,heap     ] GC(6) Archive regions: 2->2
[2023-05-10T09:42:05.878+0800][gc,heap     ] GC(6) Humongous regions: 0->0
[2023-05-10T09:42:05.878+0800][gc,metaspace] GC(6) Metaspace: 35683K(35968K)->35683K(35968K) NonClass: 31302K(31424K)->31302K(31424K) Class: 4380K(4544K)->4380K(4544K)
[2023-05-10T09:42:05.878+0800][gc          ] GC(6) Pause Young (Concurrent Start) (Metadata GC Threshold) 215M->21M(512M) 6.606ms
[2023-05-10T09:42:05.878+0800][gc,cpu      ] GC(6) User=0.04s Sys=0.00s Real=0.00s
[2023-05-10T09:42:05.878+0800][gc          ] GC(7) Concurrent Mark Cycle
[2023-05-10T09:42:05.878+0800][gc,marking  ] GC(7) Concurrent Clear Claimed Marks
[2023-05-10T09:42:05.878+0800][gc,marking  ] GC(7) Concurrent Clear Claimed Marks 0.028ms
[2023-05-10T09:42:05.878+0800][gc,marking  ] GC(7) Concurrent Scan Root Regions
[2023-05-10T09:42:05.882+0800][gc,marking  ] GC(7) Concurrent Scan Root Regions 4.380ms
[2023-05-10T09:42:05.882+0800][gc,marking  ] GC(7) Concurrent Mark
[2023-05-10T09:42:05.882+0800][gc,marking  ] GC(7) Concurrent Mark From Roots
[2023-05-10T09:42:05.882+0800][gc,task     ] GC(7) Using 2 workers of 2 for marking
[2023-05-10T09:42:05.883+0800][gc,marking  ] GC(7) Concurrent Mark From Roots 0.900ms
[2023-05-10T09:42:05.883+0800][gc,marking  ] GC(7) Concurrent Preclean
[2023-05-10T09:42:05.883+0800][gc,marking  ] GC(7) Concurrent Preclean 0.013ms
[2023-05-10T09:42:05.884+0800][gc,start    ] GC(7) Pause Remark
[2023-05-10T09:42:05.885+0800][gc          ] GC(7) Pause Remark 22M->22M(512M) 1.454ms
[2023-05-10T09:42:05.885+0800][gc,cpu      ] GC(7) User=0.01s Sys=0.00s Real=0.00s
[2023-05-10T09:42:05.885+0800][gc,marking  ] GC(7) Concurrent Mark 2.581ms
[2023-05-10T09:42:05.885+0800][gc,marking  ] GC(7) Concurrent Rebuild Remembered Sets
[2023-05-10T09:42:05.885+0800][gc,marking  ] GC(7) Concurrent Rebuild Remembered Sets 0.005ms
[2023-05-10T09:42:05.885+0800][gc,start    ] GC(7) Pause Cleanup
[2023-05-10T09:42:05.885+0800][gc          ] GC(7) Pause Cleanup 22M->22M(512M) 0.008ms
[2023-05-10T09:42:05.885+0800][gc,cpu      ] GC(7) User=0.00s Sys=0.00s Real=0.00s
[2023-05-10T09:42:05.885+0800][gc,marking  ] GC(7) Concurrent Cleanup for Next Mark
[2023-05-10T09:42:05.886+0800][gc,marking  ] GC(7) Concurrent Cleanup for Next Mark 0.750ms
[2023-05-10T09:42:05.886+0800][gc          ] GC(7) Concurrent Mark Cycle 7.910ms
[2023-05-10T09:42:06.652+0800][gc,start    ] GC(8) Pause Young (Normal) (G1 Evacuation Pause)
[2023-05-10T09:42:06.652+0800][gc,task     ] GC(8) Using 8 workers of 8 for evacuation
[2023-05-10T09:42:06.662+0800][gc,phases   ] GC(8)   Pre Evacuate Collection Set: 0.1ms
[2023-05-10T09:42:06.662+0800][gc,phases   ] GC(8)   Merge Heap Roots: 0.1ms
[2023-05-10T09:42:06.662+0800][gc,phases   ] GC(8)   Evacuate Collection Set: 8.8ms
[2023-05-10T09:42:06.662+0800][gc,phases   ] GC(8)   Post Evacuate Collection Set: 1.0ms
[2023-05-10T09:42:06.662+0800][gc,phases   ] GC(8)   Other: 0.1ms
[2023-05-10T09:42:06.662+0800][gc,heap     ] GC(8) Eden regions: 235->0(229)
[2023-05-10T09:42:06.662+0800][gc,heap     ] GC(8) Survivor regions: 21->27(32)
[2023-05-10T09:42:06.663+0800][gc,heap     ] GC(8) Old regions: 0->6
[2023-05-10T09:42:06.663+0800][gc,heap     ] GC(8) Archive regions: 2->2
[2023-05-10T09:42:06.663+0800][gc,heap     ] GC(8) Humongous regions: 5->5
[2023-05-10T09:42:06.663+0800][gc,metaspace] GC(8) Metaspace: 49355K(49792K)->49355K(49792K) NonClass: 43259K(43520K)->43259K(43520K) Class: 6096K(6272K)->6096K(6272K)
[2023-05-10T09:42:06.663+0800][gc          ] GC(8) Pause Young (Normal) (G1 Evacuation Pause) 261M->37M(512M) 10.180ms
[2023-05-10T09:42:06.663+0800][gc,cpu      ] GC(8) User=0.06s Sys=0.01s Real=0.01s
[2023-05-10T09:42:15.871+0800][gc,start    ] GC(9) Pause Young (Normal) (G1 Evacuation Pause)
[2023-05-10T09:42:15.871+0800][gc,task     ] GC(9) Using 8 workers of 8 for evacuation
[2023-05-10T09:42:15.903+0800][gc,phases   ] GC(9)   Pre Evacuate Collection Set: 0.3ms
[2023-05-10T09:42:15.903+0800][gc,phases   ] GC(9)   Merge Heap Roots: 0.1ms
[2023-05-10T09:42:15.903+0800][gc,phases   ] GC(9)   Evacuate Collection Set: 30.8ms
[2023-05-10T09:42:15.903+0800][gc,phases   ] GC(9)   Post Evacuate Collection Set: 0.8ms
[2023-05-10T09:42:15.903+0800][gc,phases   ] GC(9)   Other: 0.3ms
[2023-05-10T09:42:15.903+0800][gc,heap     ] GC(9) Eden regions: 229->0(236)
[2023-05-10T09:42:15.903+0800][gc,heap     ] GC(9) Survivor regions: 27->20(32)
[2023-05-10T09:42:15.903+0800][gc,heap     ] GC(9) Old regions: 6->13
[2023-05-10T09:42:15.903+0800][gc,heap     ] GC(9) Archive regions: 2->2
[2023-05-10T09:42:15.903+0800][gc,heap     ] GC(9) Humongous regions: 7->7
[2023-05-10T09:42:15.903+0800][gc,metaspace] GC(9) Metaspace: 58262K(58752K)->58262K(58752K) NonClass: 50986K(51200K)->50986K(51200K) Class: 7275K(7552K)->7275K(7552K)
[2023-05-10T09:42:15.903+0800][gc          ] GC(9) Pause Young (Normal) (G1 Evacuation Pause) 268M->39M(512M) 32.343ms
[2023-05-10T09:42:15.903+0800][gc,cpu      ] GC(9) User=0.07s Sys=0.09s Real=0.03s
[2023-05-10T09:44:37.752+0800][gc,start    ] GC(10) Pause Young (Concurrent Start) (Metadata GC Threshold)
[2023-05-10T09:44:37.752+0800][gc,task     ] GC(10) Using 8 workers of 8 for evacuation
[2023-05-10T09:44:37.766+0800][gc,phases   ] GC(10)   Pre Evacuate Collection Set: 0.4ms
[2023-05-10T09:44:37.766+0800][gc,phases   ] GC(10)   Merge Heap Roots: 0.1ms
[2023-05-10T09:44:37.766+0800][gc,phases   ] GC(10)   Evacuate Collection Set: 12.4ms
[2023-05-10T09:44:37.766+0800][gc,phases   ] GC(10)   Post Evacuate Collection Set: 0.5ms
[2023-05-10T09:44:37.766+0800][gc,phases   ] GC(10)   Other: 0.8ms
[2023-05-10T09:44:37.766+0800][gc,heap     ] GC(10) Eden regions: 51->0(239)
[2023-05-10T09:44:37.766+0800][gc,heap     ] GC(10) Survivor regions: 20->17(32)
[2023-05-10T09:44:37.766+0800][gc,heap     ] GC(10) Old regions: 13->17
[2023-05-10T09:44:37.766+0800][gc,heap     ] GC(10) Archive regions: 2->2
[2023-05-10T09:44:37.766+0800][gc,heap     ] GC(10) Humongous regions: 7->7
[2023-05-10T09:44:37.766+0800][gc,metaspace] GC(10) Metaspace: 59599K(60096K)->59599K(60096K) NonClass: 52291K(52480K)->52291K(52480K) Class: 7308K(7616K)->7308K(7616K)
[2023-05-10T09:44:37.766+0800][gc          ] GC(10) Pause Young (Concurrent Start) (Metadata GC Threshold) 90M->40M(512M) 14.314ms
[2023-05-10T09:44:37.766+0800][gc,cpu      ] GC(10) User=0.04s Sys=0.03s Real=0.01s
[2023-05-10T09:44:37.766+0800][gc          ] GC(11) Concurrent Mark Cycle
[2023-05-10T09:44:37.766+0800][gc,marking  ] GC(11) Concurrent Clear Claimed Marks
[2023-05-10T09:44:37.766+0800][gc,marking  ] GC(11) Concurrent Clear Claimed Marks 0.041ms
[2023-05-10T09:44:37.766+0800][gc,marking  ] GC(11) Concurrent Scan Root Regions
[2023-05-10T09:44:37.772+0800][gc,marking  ] GC(11) Concurrent Scan Root Regions 5.515ms
[2023-05-10T09:44:37.772+0800][gc,marking  ] GC(11) Concurrent Mark
[2023-05-10T09:44:37.772+0800][gc,marking  ] GC(11) Concurrent Mark From Roots
[2023-05-10T09:44:37.772+0800][gc,task     ] GC(11) Using 2 workers of 2 for marking
[2023-05-10T09:44:37.779+0800][gc,marking  ] GC(11) Concurrent Mark From Roots 7.200ms
[2023-05-10T09:44:37.779+0800][gc,marking  ] GC(11) Concurrent Preclean
[2023-05-10T09:44:37.779+0800][gc,marking  ] GC(11) Concurrent Preclean 0.035ms
[2023-05-10T09:44:37.779+0800][gc,start    ] GC(11) Pause Remark
[2023-05-10T09:44:37.788+0800][gc          ] GC(11) Pause Remark 42M->42M(512M) 9.202ms
[2023-05-10T09:44:37.788+0800][gc,cpu      ] GC(11) User=0.01s Sys=0.01s Real=0.01s
[2023-05-10T09:44:37.789+0800][gc,marking  ] GC(11) Concurrent Mark 16.672ms
[2023-05-10T09:44:37.789+0800][gc,marking  ] GC(11) Concurrent Rebuild Remembered Sets
[2023-05-10T09:44:37.793+0800][gc,marking  ] GC(11) Concurrent Rebuild Remembered Sets 4.775ms
[2023-05-10T09:44:37.793+0800][gc,start    ] GC(11) Pause Cleanup
[2023-05-10T09:44:37.794+0800][gc          ] GC(11) Pause Cleanup 42M->42M(512M) 0.059ms
[2023-05-10T09:44:37.794+0800][gc,cpu      ] GC(11) User=0.00s Sys=0.00s Real=0.00s
[2023-05-10T09:44:37.794+0800][gc,marking  ] GC(11) Concurrent Cleanup for Next Mark
[2023-05-10T09:44:37.796+0800][gc,marking  ] GC(11) Concurrent Cleanup for Next Mark 2.865ms
[2023-05-10T09:44:37.796+0800][gc          ] GC(11) Concurrent Mark Cycle 30.166ms
[2023-05-10T09:56:25.310+0800][gc,start    ] GC(12) Pause Young (Normal) (G1 Evacuation Pause)
[2023-05-10T09:56:25.311+0800][gc,task     ] GC(12) Using 8 workers of 8 for evacuation
[2023-05-10T09:56:25.369+0800][gc,phases   ] GC(12)   Pre Evacuate Collection Set: 1.0ms
[2023-05-10T09:56:25.369+0800][gc,phases   ] GC(12)   Merge Heap Roots: 0.8ms
[2023-05-10T09:56:25.369+0800][gc,phases   ] GC(12)   Evacuate Collection Set: 54.1ms
[2023-05-10T09:56:25.369+0800][gc,phases   ] GC(12)   Post Evacuate Collection Set: 2.0ms
[2023-05-10T09:56:25.369+0800][gc,phases   ] GC(12)   Other: 2.0ms
[2023-05-10T09:56:25.369+0800][gc,heap     ] GC(12) Eden regions: 239->0(240)
[2023-05-10T09:56:25.369+0800][gc,heap     ] GC(12) Survivor regions: 17->16(32)
[2023-05-10T09:56:25.369+0800][gc,heap     ] GC(12) Old regions: 17->17
[2023-05-10T09:56:25.369+0800][gc,heap     ] GC(12) Archive regions: 2->2
[2023-05-10T09:56:25.369+0800][gc,heap     ] GC(12) Humongous regions: 9->9
[2023-05-10T09:56:25.369+0800][gc,metaspace] GC(12) Metaspace: 60937K(61504K)->60937K(61504K) NonClass: 53620K(53888K)->53620K(53888K) Class: 7317K(7616K)->7317K(7616K)
[2023-05-10T09:56:25.369+0800][gc          ] GC(12) Pause Young (Normal) (G1 Evacuation Pause) 281M->41M(512M) 59.509ms
[2023-05-10T09:56:25.369+0800][gc,cpu      ] GC(12) User=0.05s Sys=0.12s Real=0.05s
[2023-05-10T10:08:03.592+0800][gc,start    ] GC(13) Pause Young (Normal) (G1 Evacuation Pause)
[2023-05-10T10:08:03.593+0800][gc,task     ] GC(13) Using 8 workers of 8 for evacuation
[2023-05-10T10:08:03.653+0800][gc,phases   ] GC(13)   Pre Evacuate Collection Set: 2.0ms
[2023-05-10T10:08:03.653+0800][gc,phases   ] GC(13)   Merge Heap Roots: 0.8ms
[2023-05-10T10:08:03.653+0800][gc,phases   ] GC(13)   Evacuate Collection Set: 54.2ms
[2023-05-10T10:08:03.653+0800][gc,phases   ] GC(13)   Post Evacuate Collection Set: 1.5ms
[2023-05-10T10:08:03.653+0800][gc,phases   ] GC(13)   Other: 2.9ms
[2023-05-10T10:08:03.653+0800][gc,heap     ] GC(13) Eden regions: 240->0(240)
[2023-05-10T10:08:03.653+0800][gc,heap     ] GC(13) Survivor regions: 16->16(32)
[2023-05-10T10:08:03.653+0800][gc,heap     ] GC(13) Old regions: 17->17
[2023-05-10T10:08:03.653+0800][gc,heap     ] GC(13) Archive regions: 2->2
[2023-05-10T10:08:03.653+0800][gc,heap     ] GC(13) Humongous regions: 11->11
[2023-05-10T10:08:03.653+0800][gc,metaspace] GC(13) Metaspace: 61220K(61760K)->61220K(61760K) NonClass: 53891K(54144K)->53891K(54144K) Class: 7328K(7616K)->7328K(7616K)
[2023-05-10T10:08:03.653+0800][gc          ] GC(13) Pause Young (Normal) (G1 Evacuation Pause) 283M->44M(512M) 61.165ms
[2023-05-10T10:08:03.653+0800][gc,cpu      ] GC(13) User=0.05s Sys=0.10s Real=0.06s
[2023-05-10T10:19:26.789+0800][gc,start    ] GC(14) Pause Young (Normal) (G1 Evacuation Pause)
[2023-05-10T10:19:26.790+0800][gc,task     ] GC(14) Using 8 workers of 8 for evacuation
[2023-05-10T10:19:26.839+0800][gc,phases   ] GC(14)   Pre Evacuate Collection Set: 1.4ms
[2023-05-10T10:19:26.839+0800][gc,phases   ] GC(14)   Merge Heap Roots: 0.6ms
[2023-05-10T10:19:26.839+0800][gc,phases   ] GC(14)   Evacuate Collection Set: 44.5ms
[2023-05-10T10:19:26.839+0800][gc,phases   ] GC(14)   Post Evacuate Collection Set: 1.6ms
[2023-05-10T10:19:26.839+0800][gc,phases   ] GC(14)   Other: 1.5ms
[2023-05-10T10:19:26.839+0800][gc,heap     ] GC(14) Eden regions: 240->0(240)
[2023-05-10T10:19:26.839+0800][gc,heap     ] GC(14) Survivor regions: 16->16(32)
[2023-05-10T10:19:26.839+0800][gc,heap     ] GC(14) Old regions: 17->17
[2023-05-10T10:19:26.839+0800][gc,heap     ] GC(14) Archive regions: 2->2
[2023-05-10T10:19:26.839+0800][gc,heap     ] GC(14) Humongous regions: 11->11
[2023-05-10T10:19:26.839+0800][gc,metaspace] GC(14) Metaspace: 61391K(61888K)->61391K(61888K) NonClass: 54048K(54272K)->54048K(54272K) Class: 7342K(7616K)->7342K(7616K)
[2023-05-10T10:19:26.839+0800][gc          ] GC(14) Pause Young (Normal) (G1 Evacuation Pause) 284M->44M(512M) 49.790ms
[2023-05-10T10:19:26.839+0800][gc,cpu      ] GC(14) User=0.06s Sys=0.08s Real=0.05s
[2023-05-10T10:31:18.025+0800][gc,start    ] GC(15) Pause Young (Normal) (G1 Evacuation Pause)
[2023-05-10T10:31:18.025+0800][gc,task     ] GC(15) Using 8 workers of 8 for evacuation
[2023-05-10T10:31:18.083+0800][gc,phases   ] GC(15)   Pre Evacuate Collection Set: 1.5ms
[2023-05-10T10:31:18.083+0800][gc,phases   ] GC(15)   Merge Heap Roots: 0.5ms
[2023-05-10T10:31:18.083+0800][gc,phases   ] GC(15)   Evacuate Collection Set: 51.3ms
[2023-05-10T10:31:18.083+0800][gc,phases   ] GC(15)   Post Evacuate Collection Set: 3.8ms
[2023-05-10T10:31:18.084+0800][gc,phases   ] GC(15)   Other: 2.5ms
[2023-05-10T10:31:18.084+0800][gc,heap     ] GC(15) Eden regions: 240->0(240)
[2023-05-10T10:31:18.084+0800][gc,heap     ] GC(15) Survivor regions: 16->16(32)
[2023-05-10T10:31:18.084+0800][gc,heap     ] GC(15) Old regions: 17->17
[2023-05-10T10:31:18.084+0800][gc,heap     ] GC(15) Archive regions: 2->2
[2023-05-10T10:31:18.084+0800][gc,heap     ] GC(15) Humongous regions: 11->11
[2023-05-10T10:31:18.084+0800][gc,metaspace] GC(15) Metaspace: 61495K(61952K)->61495K(61952K) NonClass: 54147K(54336K)->54147K(54336K) Class: 7347K(7616K)->7347K(7616K)
[2023-05-10T10:31:18.084+0800][gc          ] GC(15) Pause Young (Normal) (G1 Evacuation Pause) 284M->44M(512M) 59.484ms
[2023-05-10T10:31:18.084+0800][gc,cpu      ] GC(15) User=0.06s Sys=0.14s Real=0.06s
[2023-05-10T10:43:42.239+0800][gc,start    ] GC(16) Pause Young (Normal) (G1 Evacuation Pause)
[2023-05-10T10:43:42.240+0800][gc,task     ] GC(16) Using 8 workers of 8 for evacuation
[2023-05-10T10:43:42.274+0800][gc,phases   ] GC(16)   Pre Evacuate Collection Set: 3.0ms
[2023-05-10T10:43:42.274+0800][gc,phases   ] GC(16)   Merge Heap Roots: 0.7ms
[2023-05-10T10:43:42.274+0800][gc,phases   ] GC(16)   Evacuate Collection Set: 26.6ms
[2023-05-10T10:43:42.275+0800][gc,phases   ] GC(16)   Post Evacuate Collection Set: 3.2ms
[2023-05-10T10:43:42.275+0800][gc,phases   ] GC(16)   Other: 3.5ms
[2023-05-10T10:43:42.275+0800][gc,heap     ] GC(16) Eden regions: 240->0(240)
[2023-05-10T10:43:42.275+0800][gc,heap     ] GC(16) Survivor regions: 16->16(32)
[2023-05-10T10:43:42.275+0800][gc,heap     ] GC(16) Old regions: 17->17
[2023-05-10T10:43:42.275+0800][gc,heap     ] GC(16) Archive regions: 2->2
[2023-05-10T10:43:42.275+0800][gc,heap     ] GC(16) Humongous regions: 11->11
[2023-05-10T10:43:42.275+0800][gc,metaspace] GC(16) Metaspace: 61523K(62016K)->61523K(62016K) NonClass: 54174K(54400K)->54174K(54400K) Class: 7348K(7616K)->7348K(7616K)
[2023-05-10T10:43:42.275+0800][gc          ] GC(16) Pause Young (Normal) (G1 Evacuation Pause) 284M->44M(512M) 36.238ms
[2023-05-10T10:43:42.275+0800][gc,cpu      ] GC(16) User=0.04s Sys=0.06s Real=0.04s
[2023-05-10T10:54:44.664+0800][gc,start    ] GC(17) Pause Young (Normal) (G1 Evacuation Pause)
[2023-05-10T10:54:44.664+0800][gc,task     ] GC(17) Using 8 workers of 8 for evacuation
[2023-05-10T10:54:44.692+0800][gc,phases   ] GC(17)   Pre Evacuate Collection Set: 0.5ms
[2023-05-10T10:54:44.692+0800][gc,phases   ] GC(17)   Merge Heap Roots: 0.5ms
[2023-05-10T10:54:44.692+0800][gc,phases   ] GC(17)   Evacuate Collection Set: 21.5ms
[2023-05-10T10:54:44.692+0800][gc,phases   ] GC(17)   Post Evacuate Collection Set: 4.4ms
[2023-05-10T10:54:44.692+0800][gc,phases   ] GC(17)   Other: 2.0ms
[2023-05-10T10:54:44.692+0800][gc,heap     ] GC(17) Eden regions: 240->0(240)
[2023-05-10T10:54:44.692+0800][gc,heap     ] GC(17) Survivor regions: 16->16(32)
[2023-05-10T10:54:44.692+0800][gc,heap     ] GC(17) Old regions: 17->17
[2023-05-10T10:54:44.692+0800][gc,heap     ] GC(17) Archive regions: 2->2
[2023-05-10T10:54:44.692+0800][gc,heap     ] GC(17) Humongous regions: 11->11
[2023-05-10T10:54:44.692+0800][gc,metaspace] GC(17) Metaspace: 61565K(62144K)->61565K(62144K) NonClass: 54216K(54528K)->54216K(54528K) Class: 7348K(7616K)->7348K(7616K)
[2023-05-10T10:54:44.692+0800][gc          ] GC(17) Pause Young (Normal) (G1 Evacuation Pause) 284M->43M(512M) 28.670ms
[2023-05-10T10:54:44.692+0800][gc,cpu      ] GC(17) User=0.05s Sys=0.07s Real=0.03s
[2023-05-10T11:05:25.444+0800][gc,start    ] GC(18) Pause Young (Normal) (G1 Evacuation Pause)
[2023-05-10T11:05:25.445+0800][gc,task     ] GC(18) Using 8 workers of 8 for evacuation
[2023-05-10T11:05:25.489+0800][gc,phases   ] GC(18)   Pre Evacuate Collection Set: 1.7ms
[2023-05-10T11:05:25.489+0800][gc,phases   ] GC(18)   Merge Heap Roots: 0.5ms
[2023-05-10T11:05:25.489+0800][gc,phases   ] GC(18)   Evacuate Collection Set: 40.5ms
[2023-05-10T11:05:25.489+0800][gc,phases   ] GC(18)   Post Evacuate Collection Set: 1.2ms
[2023-05-10T11:05:25.489+0800][gc,phases   ] GC(18)   Other: 1.3ms
[2023-05-10T11:05:25.489+0800][gc,heap     ] GC(18) Eden regions: 240->0(240)
[2023-05-10T11:05:25.489+0800][gc,heap     ] GC(18) Survivor regions: 16->16(32)
[2023-05-10T11:05:25.489+0800][gc,heap     ] GC(18) Old regions: 17->17
[2023-05-10T11:05:25.489+0800][gc,heap     ] GC(18) Archive regions: 2->2
[2023-05-10T11:05:25.489+0800][gc,heap     ] GC(18) Humongous regions: 13->13
[2023-05-10T11:05:25.489+0800][gc,metaspace] GC(18) Metaspace: 61571K(62144K)->61571K(62144K) NonClass: 54222K(54528K)->54222K(54528K) Class: 7348K(7616K)->7348K(7616K)
[2023-05-10T11:05:25.489+0800][gc          ] GC(18) Pause Young (Normal) (G1 Evacuation Pause) 285M->45M(512M) 45.271ms
[2023-05-10T11:05:25.489+0800][gc,cpu      ] GC(18) User=0.03s Sys=0.08s Real=0.04s
[2023-05-10T11:16:21.838+0800][gc,start    ] GC(19) Pause Young (Normal) (G1 Evacuation Pause)
[2023-05-10T11:16:21.839+0800][gc,task     ] GC(19) Using 8 workers of 8 for evacuation
[2023-05-10T11:16:21.913+0800][gc,phases   ] GC(19)   Pre Evacuate Collection Set: 2.5ms
[2023-05-10T11:16:21.913+0800][gc,phases   ] GC(19)   Merge Heap Roots: 1.5ms
[2023-05-10T11:16:21.913+0800][gc,phases   ] GC(19)   Evacuate Collection Set: 65.7ms
[2023-05-10T11:16:21.913+0800][gc,phases   ] GC(19)   Post Evacuate Collection Set: 2.2ms
[2023-05-10T11:16:21.913+0800][gc,phases   ] GC(19)   Other: 5.2ms
[2023-05-10T11:16:21.913+0800][gc,heap     ] GC(19) Eden regions: 240->0(240)
[2023-05-10T11:16:21.913+0800][gc,heap     ] GC(19) Survivor regions: 16->16(32)
[2023-05-10T11:16:21.913+0800][gc,heap     ] GC(19) Old regions: 17->17
[2023-05-10T11:16:21.913+0800][gc,heap     ] GC(19) Archive regions: 2->2
[2023-05-10T11:16:21.913+0800][gc,heap     ] GC(19) Humongous regions: 13->13
[2023-05-10T11:16:21.913+0800][gc,metaspace] GC(19) Metaspace: 61587K(62144K)->61587K(62144K) NonClass: 54238K(54528K)->54238K(54528K) Class: 7349K(7616K)->7349K(7616K)
[2023-05-10T11:16:21.913+0800][gc          ] GC(19) Pause Young (Normal) (G1 Evacuation Pause) 285M->45M(512M) 75.512ms
[2023-05-10T11:16:21.913+0800][gc,cpu      ] GC(19) User=0.06s Sys=0.12s Real=0.08s
[2023-05-10T11:25:29.939+0800][gc,start    ] GC(20) Pause Young (Normal) (G1 Evacuation Pause)
[2023-05-10T11:25:29.939+0800][gc,task     ] GC(20) Using 8 workers of 8 for evacuation
[2023-05-10T11:25:29.977+0800][gc,phases   ] GC(20)   Pre Evacuate Collection Set: 0.7ms
[2023-05-10T11:25:29.977+0800][gc,phases   ] GC(20)   Merge Heap Roots: 0.6ms
[2023-05-10T11:25:29.977+0800][gc,phases   ] GC(20)   Evacuate Collection Set: 34.6ms
[2023-05-10T11:25:29.977+0800][gc,phases   ] GC(20)   Post Evacuate Collection Set: 1.5ms
[2023-05-10T11:25:29.977+0800][gc,phases   ] GC(20)   Other: 1.8ms
[2023-05-10T11:25:29.977+0800][gc,heap     ] GC(20) Eden regions: 240->0(239)
[2023-05-10T11:25:29.977+0800][gc,heap     ] GC(20) Survivor regions: 16->17(32)
[2023-05-10T11:25:29.977+0800][gc,heap     ] GC(20) Old regions: 17->17
[2023-05-10T11:25:29.977+0800][gc,heap     ] GC(20) Archive regions: 2->2
[2023-05-10T11:25:29.977+0800][gc,heap     ] GC(20) Humongous regions: 17->17
[2023-05-10T11:25:29.977+0800][gc,metaspace] GC(20) Metaspace: 62579K(63104K)->62579K(63104K) NonClass: 55109K(55360K)->55109K(55360K) Class: 7470K(7744K)->7470K(7744K)
[2023-05-10T11:25:29.977+0800][gc          ] GC(20) Pause Young (Normal) (G1 Evacuation Pause) 289M->51M(512M) 39.076ms
[2023-05-10T11:25:29.978+0800][gc,cpu      ] GC(20) User=0.07s Sys=0.09s Real=0.04s
[2023-05-10T11:35:08.736+0800][gc,start    ] GC(21) Pause Young (Normal) (G1 Evacuation Pause)
[2023-05-10T11:35:08.737+0800][gc,task     ] GC(21) Using 8 workers of 8 for evacuation
[2023-05-10T11:35:08.779+0800][gc,phases   ] GC(21)   Pre Evacuate Collection Set: 1.3ms
[2023-05-10T11:35:08.779+0800][gc,phases   ] GC(21)   Merge Heap Roots: 0.5ms
[2023-05-10T11:35:08.779+0800][gc,phases   ] GC(21)   Evacuate Collection Set: 38.4ms
[2023-05-10T11:35:08.779+0800][gc,phases   ] GC(21)   Post Evacuate Collection Set: 1.4ms
[2023-05-10T11:35:08.779+0800][gc,phases   ] GC(21)   Other: 3.4ms
[2023-05-10T11:35:08.779+0800][gc,heap     ] GC(21) Eden regions: 239->0(239)
[2023-05-10T11:35:08.779+0800][gc,heap     ] GC(21) Survivor regions: 17->17(32)
[2023-05-10T11:35:08.779+0800][gc,heap     ] GC(21) Old regions: 17->17
[2023-05-10T11:35:08.779+0800][gc,heap     ] GC(21) Archive regions: 2->2
[2023-05-10T11:35:08.779+0800][gc,heap     ] GC(21) Humongous regions: 17->17
[2023-05-10T11:35:08.779+0800][gc,metaspace] GC(21) Metaspace: 62585K(63104K)->62585K(63104K) NonClass: 55115K(55360K)->55115K(55360K) Class: 7470K(7744K)->7470K(7744K)
[2023-05-10T11:35:08.779+0800][gc          ] GC(21) Pause Young (Normal) (G1 Evacuation Pause) 290M->51M(512M) 43.917ms
[2023-05-10T11:35:08.779+0800][gc,cpu      ] GC(21) User=0.05s Sys=0.09s Real=0.04s
[2023-05-10T11:44:38.383+0800][gc,start    ] GC(22) Pause Young (Normal) (G1 Evacuation Pause)
[2023-05-10T11:44:38.384+0800][gc,task     ] GC(22) Using 8 workers of 8 for evacuation
[2023-05-10T11:44:38.437+0800][gc,phases   ] GC(22)   Pre Evacuate Collection Set: 1.8ms
[2023-05-10T11:44:38.437+0800][gc,phases   ] GC(22)   Merge Heap Roots: 0.9ms
[2023-05-10T11:44:38.437+0800][gc,phases   ] GC(22)   Evacuate Collection Set: 47.9ms
[2023-05-10T11:44:38.437+0800][gc,phases   ] GC(22)   Post Evacuate Collection Set: 1.9ms
[2023-05-10T11:44:38.437+0800][gc,phases   ] GC(22)   Other: 2.7ms
[2023-05-10T11:44:38.437+0800][gc,heap     ] GC(22) Eden regions: 239->0(239)
[2023-05-10T11:44:38.437+0800][gc,heap     ] GC(22) Survivor regions: 17->17(32)
[2023-05-10T11:44:38.437+0800][gc,heap     ] GC(22) Old regions: 17->17
[2023-05-10T11:44:38.437+0800][gc,heap     ] GC(22) Archive regions: 2->2
[2023-05-10T11:44:38.437+0800][gc,heap     ] GC(22) Humongous regions: 17->17
[2023-05-10T11:44:38.437+0800][gc,metaspace] GC(22) Metaspace: 62589K(63104K)->62589K(63104K) NonClass: 55118K(55360K)->55118K(55360K) Class: 7470K(7744K)->7470K(7744K)
[2023-05-10T11:44:38.437+0800][gc          ] GC(22) Pause Young (Normal) (G1 Evacuation Pause) 290M->51M(512M) 54.757ms
[2023-05-10T11:44:38.438+0800][gc,cpu      ] GC(22) User=0.05s Sys=0.12s Real=0.05s
[2023-05-10T11:54:00.872+0800][gc,start    ] GC(23) Pause Young (Normal) (G1 Evacuation Pause)
[2023-05-10T11:54:00.873+0800][gc,task     ] GC(23) Using 8 workers of 8 for evacuation
[2023-05-10T11:54:00.921+0800][gc,phases   ] GC(23)   Pre Evacuate Collection Set: 1.4ms
[2023-05-10T11:54:00.921+0800][gc,phases   ] GC(23)   Merge Heap Roots: 0.9ms
[2023-05-10T11:54:00.921+0800][gc,phases   ] GC(23)   Evacuate Collection Set: 43.2ms
[2023-05-10T11:54:00.921+0800][gc,phases   ] GC(23)   Post Evacuate Collection Set: 2.2ms
[2023-05-10T11:54:00.921+0800][gc,phases   ] GC(23)   Other: 2.0ms
[2023-05-10T11:54:00.921+0800][gc,heap     ] GC(23) Eden regions: 239->0(239)
[2023-05-10T11:54:00.921+0800][gc,heap     ] GC(23) Survivor regions: 17->17(32)
[2023-05-10T11:54:00.921+0800][gc,heap     ] GC(23) Old regions: 17->17
[2023-05-10T11:54:00.921+0800][gc,heap     ] GC(23) Archive regions: 2->2
[2023-05-10T11:54:00.921+0800][gc,heap     ] GC(23) Humongous regions: 17->17
[2023-05-10T11:54:00.921+0800][gc,metaspace] GC(23) Metaspace: 62617K(63168K)->62617K(63168K) NonClass: 55147K(55424K)->55147K(55424K) Class: 7470K(7744K)->7470K(7744K)
[2023-05-10T11:54:00.921+0800][gc          ] GC(23) Pause Young (Normal) (G1 Evacuation Pause) 290M->50M(512M) 49.288ms
[2023-05-10T11:54:00.921+0800][gc,cpu      ] GC(23) User=0.07s Sys=0.11s Real=0.05s
[2023-05-10T12:03:47.148+0800][gc,start    ] GC(24) Pause Young (Normal) (G1 Evacuation Pause)
[2023-05-10T12:03:47.149+0800][gc,task     ] GC(24) Using 8 workers of 8 for evacuation
[2023-05-10T12:03:47.202+0800][gc,phases   ] GC(24)   Pre Evacuate Collection Set: 1.4ms
[2023-05-10T12:03:47.202+0800][gc,phases   ] GC(24)   Merge Heap Roots: 0.9ms
[2023-05-10T12:03:47.202+0800][gc,phases   ] GC(24)   Evacuate Collection Set: 45.2ms
[2023-05-10T12:03:47.202+0800][gc,phases   ] GC(24)   Post Evacuate Collection Set: 4.6ms
[2023-05-10T12:03:47.202+0800][gc,phases   ] GC(24)   Other: 4.1ms
[2023-05-10T12:03:47.202+0800][gc,heap     ] GC(24) Eden regions: 239->0(247)
[2023-05-10T12:03:47.202+0800][gc,heap     ] GC(24) Survivor regions: 17->9(32)
[2023-05-10T12:03:47.202+0800][gc,heap     ] GC(24) Old regions: 17->26
[2023-05-10T12:03:47.202+0800][gc,heap     ] GC(24) Archive regions: 2->2
[2023-05-10T12:03:47.202+0800][gc,heap     ] GC(24) Humongous regions: 17->17
[2023-05-10T12:03:47.202+0800][gc,metaspace] GC(24) Metaspace: 62639K(63168K)->62639K(63168K) NonClass: 55169K(55424K)->55169K(55424K) Class: 7470K(7744K)->7470K(7744K)
[2023-05-10T12:03:47.202+0800][gc          ] GC(24) Pause Young (Normal) (G1 Evacuation Pause) 289M->51M(512M) 55.471ms
[2023-05-10T12:03:47.203+0800][gc,cpu      ] GC(24) User=0.05s Sys=0.07s Real=0.06s
[2023-05-10T12:14:22.540+0800][gc,start    ] GC(25) Pause Young (Normal) (G1 Evacuation Pause)
[2023-05-10T12:14:22.541+0800][gc,task     ] GC(25) Using 8 workers of 8 for evacuation
[2023-05-10T12:14:22.574+0800][gc,phases   ] GC(25)   Pre Evacuate Collection Set: 2.9ms
[2023-05-10T12:14:22.574+0800][gc,phases   ] GC(25)   Merge Heap Roots: 0.5ms
[2023-05-10T12:14:22.574+0800][gc,phases   ] GC(25)   Evacuate Collection Set: 26.7ms
[2023-05-10T12:14:22.574+0800][gc,phases   ] GC(25)   Post Evacuate Collection Set: 2.2ms
[2023-05-10T12:14:22.575+0800][gc,phases   ] GC(25)   Other: 3.3ms
[2023-05-10T12:14:22.575+0800][gc,heap     ] GC(25) Eden regions: 247->0(252)
[2023-05-10T12:14:22.575+0800][gc,heap     ] GC(25) Survivor regions: 9->4(32)
[2023-05-10T12:14:22.575+0800][gc,heap     ] GC(25) Old regions: 26->30
[2023-05-10T12:14:22.575+0800][gc,heap     ] GC(25) Archive regions: 2->2
[2023-05-10T12:14:22.575+0800][gc,heap     ] GC(25) Humongous regions: 19->19
[2023-05-10T12:14:22.575+0800][gc,metaspace] GC(25) Metaspace: 62649K(63168K)->62649K(63168K) NonClass: 55179K(55424K)->55179K(55424K) Class: 7470K(7744K)->7470K(7744K)
[2023-05-10T12:14:22.575+0800][gc          ] GC(25) Pause Young (Normal) (G1 Evacuation Pause) 300M->53M(512M) 34.879ms
[2023-05-10T12:14:22.575+0800][gc,cpu      ] GC(25) User=0.03s Sys=0.07s Real=0.03s
[2023-05-10T12:29:33.154+0800][gc,heap,exit] Heap
[2023-05-10T12:29:33.154+0800][gc,heap,exit]  garbage-first heap   total 524288K, used 310023K [0x00000007e0000000, 0x0000000800000000)
[2023-05-10T12:29:33.154+0800][gc,heap,exit]   region size 1024K, 254 young (260096K), 4 survivors (4096K)
[2023-05-10T12:29:33.154+0800][gc,heap,exit]  Metaspace       used 62781K, committed 63360K, reserved 1105920K
[2023-05-10T12:29:33.154+0800][gc,heap,exit]   class space    used 7489K, committed 7808K, reserved 1048576K
