[2023-05-18T15:33:52.415+0800][gc] Using G1
[2023-05-18T15:33:52.417+0800][gc,init] Version: 17.0.2+8-LTS-86 (release)
[2023-05-18T15:33:52.417+0800][gc,init] CPUs: 8 total, 8 available
[2023-05-18T15:33:52.417+0800][gc,init] Memory: 8192M
[2023-05-18T15:33:52.417+0800][gc,init] Large Page Support: Disabled
[2023-05-18T15:33:52.417+0800][gc,init] NUMA Support: Disabled
[2023-05-18T15:33:52.417+0800][gc,init] Compressed Oops: Enabled (Zero based)
[2023-05-18T15:33:52.417+0800][gc,init] Heap Region Size: 1M
[2023-05-18T15:33:52.417+0800][gc,init] Heap Min Capacity: 512M
[2023-05-18T15:33:52.417+0800][gc,init] Heap Initial Capacity: 512M
[2023-05-18T15:33:52.417+0800][gc,init] Heap Max Capacity: 512M
[2023-05-18T15:33:52.417+0800][gc,init] Pre-touch: Disabled
[2023-05-18T15:33:52.417+0800][gc,init] Parallel Workers: 8
[2023-05-18T15:33:52.417+0800][gc,init] Concurrent Workers: 2
[2023-05-18T15:33:52.417+0800][gc,init] Concurrent Refinement Workers: 8
[2023-05-18T15:33:52.417+0800][gc,init] Periodic GC: Disabled
[2023-05-18T15:33:52.417+0800][gc,metaspace] CDS archive(s) mapped at: [0x0000000800000000-0x0000000800bd8000-0x0000000800bd8000), size 12419072, SharedBaseAddress: 0x0000000800000000, ArchiveRelocationMode: 0.
[2023-05-18T15:33:52.417+0800][gc,metaspace] Compressed class space mapped at: 0x0000000800c00000-0x0000000840c00000, reserved size: 1073741824
[2023-05-18T15:33:52.417+0800][gc,metaspace] Narrow klass base: 0x0000000800000000, Narrow klass shift: 0, Narrow klass range: 0x100000000
[2023-05-18T15:33:53.243+0800][gc,start    ] GC(0) Pause Young (Normal) (G1 Evacuation Pause)
[2023-05-18T15:33:53.243+0800][gc,task     ] GC(0) Using 8 workers of 8 for evacuation
[2023-05-18T15:33:53.248+0800][gc,phases   ] GC(0)   Pre Evacuate Collection Set: 0.1ms
[2023-05-18T15:33:53.248+0800][gc,phases   ] GC(0)   Merge Heap Roots: 0.0ms
[2023-05-18T15:33:53.248+0800][gc,phases   ] GC(0)   Evacuate Collection Set: 4.0ms
[2023-05-18T15:33:53.248+0800][gc,phases   ] GC(0)   Post Evacuate Collection Set: 0.3ms
[2023-05-18T15:33:53.248+0800][gc,phases   ] GC(0)   Other: 0.4ms
[2023-05-18T15:33:53.248+0800][gc,heap     ] GC(0) Eden regions: 256->0(249)
[2023-05-18T15:33:53.248+0800][gc,heap     ] GC(0) Survivor regions: 0->7(32)
[2023-05-18T15:33:53.248+0800][gc,heap     ] GC(0) Old regions: 0->0
[2023-05-18T15:33:53.248+0800][gc,heap     ] GC(0) Archive regions: 2->2
[2023-05-18T15:33:53.248+0800][gc,heap     ] GC(0) Humongous regions: 0->0
[2023-05-18T15:33:53.248+0800][gc,metaspace] GC(0) Metaspace: 15368K(15616K)->15368K(15616K) NonClass: 13498K(13632K)->13498K(13632K) Class: 1869K(1984K)->1869K(1984K)
[2023-05-18T15:33:53.248+0800][gc          ] GC(0) Pause Young (Normal) (G1 Evacuation Pause) 256M->7M(512M) 5.063ms
[2023-05-18T15:33:53.248+0800][gc,cpu      ] GC(0) User=0.02s Sys=0.00s Real=0.00s
[2023-05-18T15:33:53.717+0800][gc,start    ] GC(1) Pause Young (Concurrent Start) (Metadata GC Threshold)
[2023-05-18T15:33:53.717+0800][gc,task     ] GC(1) Using 8 workers of 8 for evacuation
[2023-05-18T15:33:53.726+0800][gc,phases   ] GC(1)   Pre Evacuate Collection Set: 0.1ms
[2023-05-18T15:33:53.726+0800][gc,phases   ] GC(1)   Merge Heap Roots: 0.0ms
[2023-05-18T15:33:53.726+0800][gc,phases   ] GC(1)   Evacuate Collection Set: 8.1ms
[2023-05-18T15:33:53.726+0800][gc,phases   ] GC(1)   Post Evacuate Collection Set: 0.6ms
[2023-05-18T15:33:53.726+0800][gc,phases   ] GC(1)   Other: 0.1ms
[2023-05-18T15:33:53.726+0800][gc,heap     ] GC(1) Eden regions: 227->0(247)
[2023-05-18T15:33:53.726+0800][gc,heap     ] GC(1) Survivor regions: 7->9(32)
[2023-05-18T15:33:53.726+0800][gc,heap     ] GC(1) Old regions: 0->0
[2023-05-18T15:33:53.726+0800][gc,heap     ] GC(1) Archive regions: 2->2
[2023-05-18T15:33:53.726+0800][gc,heap     ] GC(1) Humongous regions: 0->0
[2023-05-18T15:33:53.726+0800][gc,metaspace] GC(1) Metaspace: 21246K(21504K)->21246K(21504K) NonClass: 18606K(18752K)->18606K(18752K) Class: 2639K(2752K)->2639K(2752K)
[2023-05-18T15:33:53.726+0800][gc          ] GC(1) Pause Young (Concurrent Start) (Metadata GC Threshold) 233M->9M(512M) 9.006ms
[2023-05-18T15:33:53.726+0800][gc,cpu      ] GC(1) User=0.03s Sys=0.01s Real=0.01s
[2023-05-18T15:33:53.727+0800][gc          ] GC(2) Concurrent Mark Cycle
[2023-05-18T15:33:53.727+0800][gc,marking  ] GC(2) Concurrent Clear Claimed Marks
[2023-05-18T15:33:53.727+0800][gc,marking  ] GC(2) Concurrent Clear Claimed Marks 0.018ms
[2023-05-18T15:33:53.727+0800][gc,marking  ] GC(2) Concurrent Scan Root Regions
[2023-05-18T15:33:53.731+0800][gc,marking  ] GC(2) Concurrent Scan Root Regions 4.508ms
[2023-05-18T15:33:53.731+0800][gc,marking  ] GC(2) Concurrent Mark
[2023-05-18T15:33:53.731+0800][gc,marking  ] GC(2) Concurrent Mark From Roots
[2023-05-18T15:33:53.731+0800][gc,task     ] GC(2) Using 2 workers of 2 for marking
[2023-05-18T15:33:53.732+0800][gc,marking  ] GC(2) Concurrent Mark From Roots 0.709ms
[2023-05-18T15:33:53.732+0800][gc,marking  ] GC(2) Concurrent Preclean
[2023-05-18T15:33:53.732+0800][gc,marking  ] GC(2) Concurrent Preclean 0.014ms
[2023-05-18T15:33:53.732+0800][gc,start    ] GC(2) Pause Remark
[2023-05-18T15:33:53.733+0800][gc          ] GC(2) Pause Remark 10M->10M(512M) 0.747ms
[2023-05-18T15:33:53.733+0800][gc,cpu      ] GC(2) User=0.00s Sys=0.00s Real=0.00s
[2023-05-18T15:33:53.733+0800][gc,marking  ] GC(2) Concurrent Mark 1.639ms
[2023-05-18T15:33:53.733+0800][gc,marking  ] GC(2) Concurrent Rebuild Remembered Sets
[2023-05-18T15:33:53.733+0800][gc,marking  ] GC(2) Concurrent Rebuild Remembered Sets 0.004ms
[2023-05-18T15:33:53.733+0800][gc,start    ] GC(2) Pause Cleanup
[2023-05-18T15:33:53.733+0800][gc          ] GC(2) Pause Cleanup 10M->10M(512M) 0.006ms
[2023-05-18T15:33:53.733+0800][gc,cpu      ] GC(2) User=0.00s Sys=0.00s Real=0.00s
[2023-05-18T15:33:53.733+0800][gc,marking  ] GC(2) Concurrent Cleanup for Next Mark
[2023-05-18T15:33:53.734+0800][gc,marking  ] GC(2) Concurrent Cleanup for Next Mark 1.505ms
[2023-05-18T15:33:53.734+0800][gc          ] GC(2) Concurrent Mark Cycle 7.917ms
[2023-05-18T15:33:54.089+0800][gc,start    ] GC(3) Pause Young (Normal) (G1 Evacuation Pause)
[2023-05-18T15:33:54.089+0800][gc,task     ] GC(3) Using 8 workers of 8 for evacuation
[2023-05-18T15:33:54.095+0800][gc,phases   ] GC(3)   Pre Evacuate Collection Set: 0.0ms
[2023-05-18T15:33:54.095+0800][gc,phases   ] GC(3)   Merge Heap Roots: 0.0ms
[2023-05-18T15:33:54.095+0800][gc,phases   ] GC(3)   Evacuate Collection Set: 5.1ms
[2023-05-18T15:33:54.095+0800][gc,phases   ] GC(3)   Post Evacuate Collection Set: 0.9ms
[2023-05-18T15:33:54.095+0800][gc,phases   ] GC(3)   Other: 0.1ms
[2023-05-18T15:33:54.095+0800][gc,heap     ] GC(3) Eden regions: 247->0(243)
[2023-05-18T15:33:54.095+0800][gc,heap     ] GC(3) Survivor regions: 9->13(32)
[2023-05-18T15:33:54.095+0800][gc,heap     ] GC(3) Old regions: 0->0
[2023-05-18T15:33:54.095+0800][gc,heap     ] GC(3) Archive regions: 2->2
[2023-05-18T15:33:54.095+0800][gc,heap     ] GC(3) Humongous regions: 0->0
[2023-05-18T15:33:54.095+0800][gc,metaspace] GC(3) Metaspace: 23362K(23616K)->23362K(23616K) NonClass: 20499K(20608K)->20499K(20608K) Class: 2863K(3008K)->2863K(3008K)
[2023-05-18T15:33:54.095+0800][gc          ] GC(3) Pause Young (Normal) (G1 Evacuation Pause) 256M->13M(512M) 6.222ms
[2023-05-18T15:33:54.095+0800][gc,cpu      ] GC(3) User=0.02s Sys=0.00s Real=0.01s
[2023-05-18T15:33:54.608+0800][gc,start    ] GC(4) Pause Young (Normal) (G1 Evacuation Pause)
[2023-05-18T15:33:54.608+0800][gc,task     ] GC(4) Using 8 workers of 8 for evacuation
[2023-05-18T15:33:54.614+0800][gc,phases   ] GC(4)   Pre Evacuate Collection Set: 0.1ms
[2023-05-18T15:33:54.614+0800][gc,phases   ] GC(4)   Merge Heap Roots: 0.0ms
[2023-05-18T15:33:54.614+0800][gc,phases   ] GC(4)   Evacuate Collection Set: 5.9ms
[2023-05-18T15:33:54.614+0800][gc,phases   ] GC(4)   Post Evacuate Collection Set: 0.5ms
[2023-05-18T15:33:54.614+0800][gc,phases   ] GC(4)   Other: 0.1ms
[2023-05-18T15:33:54.614+0800][gc,heap     ] GC(4) Eden regions: 243->0(238)
[2023-05-18T15:33:54.614+0800][gc,heap     ] GC(4) Survivor regions: 13->18(32)
[2023-05-18T15:33:54.614+0800][gc,heap     ] GC(4) Old regions: 0->0
[2023-05-18T15:33:54.614+0800][gc,heap     ] GC(4) Archive regions: 2->2
[2023-05-18T15:33:54.614+0800][gc,heap     ] GC(4) Humongous regions: 0->0
[2023-05-18T15:33:54.614+0800][gc,metaspace] GC(4) Metaspace: 28932K(29248K)->28932K(29248K) NonClass: 25329K(25472K)->25329K(25472K) Class: 3603K(3776K)->3603K(3776K)
[2023-05-18T15:33:54.614+0800][gc          ] GC(4) Pause Young (Normal) (G1 Evacuation Pause) 256M->18M(512M) 6.661ms
[2023-05-18T15:33:54.614+0800][gc,cpu      ] GC(4) User=0.04s Sys=0.00s Real=0.01s
[2023-05-18T15:33:55.139+0800][gc,start    ] GC(5) Pause Young (Concurrent Start) (Metadata GC Threshold)
[2023-05-18T15:33:55.139+0800][gc,task     ] GC(5) Using 8 workers of 8 for evacuation
[2023-05-18T15:33:55.147+0800][gc,phases   ] GC(5)   Pre Evacuate Collection Set: 0.1ms
[2023-05-18T15:33:55.147+0800][gc,phases   ] GC(5)   Merge Heap Roots: 0.0ms
[2023-05-18T15:33:55.147+0800][gc,phases   ] GC(5)   Evacuate Collection Set: 6.5ms
[2023-05-18T15:33:55.147+0800][gc,phases   ] GC(5)   Post Evacuate Collection Set: 0.8ms
[2023-05-18T15:33:55.147+0800][gc,phases   ] GC(5)   Other: 0.1ms
[2023-05-18T15:33:55.147+0800][gc,heap     ] GC(5) Eden regions: 169->0(240)
[2023-05-18T15:33:55.147+0800][gc,heap     ] GC(5) Survivor regions: 18->16(32)
[2023-05-18T15:33:55.147+0800][gc,heap     ] GC(5) Old regions: 0->6
[2023-05-18T15:33:55.147+0800][gc,heap     ] GC(5) Archive regions: 2->2
[2023-05-18T15:33:55.147+0800][gc,heap     ] GC(5) Humongous regions: 0->0
[2023-05-18T15:33:55.147+0800][gc,metaspace] GC(5) Metaspace: 35670K(35968K)->35670K(35968K) NonClass: 31288K(31424K)->31288K(31424K) Class: 4382K(4544K)->4382K(4544K)
[2023-05-18T15:33:55.147+0800][gc          ] GC(5) Pause Young (Concurrent Start) (Metadata GC Threshold) 187M->22M(512M) 7.555ms
[2023-05-18T15:33:55.147+0800][gc,cpu      ] GC(5) User=0.04s Sys=0.01s Real=0.01s
[2023-05-18T15:33:55.147+0800][gc          ] GC(6) Concurrent Mark Cycle
[2023-05-18T15:33:55.147+0800][gc,marking  ] GC(6) Concurrent Clear Claimed Marks
[2023-05-18T15:33:55.147+0800][gc,marking  ] GC(6) Concurrent Clear Claimed Marks 0.027ms
[2023-05-18T15:33:55.147+0800][gc,marking  ] GC(6) Concurrent Scan Root Regions
[2023-05-18T15:33:55.151+0800][gc,marking  ] GC(6) Concurrent Scan Root Regions 4.610ms
[2023-05-18T15:33:55.151+0800][gc,marking  ] GC(6) Concurrent Mark
[2023-05-18T15:33:55.151+0800][gc,marking  ] GC(6) Concurrent Mark From Roots
[2023-05-18T15:33:55.151+0800][gc,task     ] GC(6) Using 2 workers of 2 for marking
[2023-05-18T15:33:55.152+0800][gc,marking  ] GC(6) Concurrent Mark From Roots 0.627ms
[2023-05-18T15:33:55.152+0800][gc,marking  ] GC(6) Concurrent Preclean
[2023-05-18T15:33:55.152+0800][gc,marking  ] GC(6) Concurrent Preclean 0.013ms
[2023-05-18T15:33:55.152+0800][gc,start    ] GC(6) Pause Remark
[2023-05-18T15:33:55.153+0800][gc          ] GC(6) Pause Remark 24M->24M(512M) 1.052ms
[2023-05-18T15:33:55.153+0800][gc,cpu      ] GC(6) User=0.01s Sys=0.00s Real=0.00s
[2023-05-18T15:33:55.153+0800][gc,marking  ] GC(6) Concurrent Mark 1.830ms
[2023-05-18T15:33:55.153+0800][gc,marking  ] GC(6) Concurrent Rebuild Remembered Sets
[2023-05-18T15:33:55.155+0800][gc,marking  ] GC(6) Concurrent Rebuild Remembered Sets 1.451ms
[2023-05-18T15:33:55.155+0800][gc,start    ] GC(6) Pause Cleanup
[2023-05-18T15:33:55.155+0800][gc          ] GC(6) Pause Cleanup 25M->25M(512M) 0.042ms
[2023-05-18T15:33:55.155+0800][gc,cpu      ] GC(6) User=0.00s Sys=0.00s Real=0.00s
[2023-05-18T15:33:55.155+0800][gc,marking  ] GC(6) Concurrent Cleanup for Next Mark
[2023-05-18T15:33:55.155+0800][gc,marking  ] GC(6) Concurrent Cleanup for Next Mark 0.667ms
[2023-05-18T15:33:55.155+0800][gc          ] GC(6) Concurrent Mark Cycle 8.782ms
[2023-05-18T15:33:55.941+0800][gc,start    ] GC(7) Pause Young (Normal) (G1 Evacuation Pause)
[2023-05-18T15:33:55.941+0800][gc,task     ] GC(7) Using 8 workers of 8 for evacuation
[2023-05-18T15:33:55.949+0800][gc,phases   ] GC(7)   Pre Evacuate Collection Set: 0.1ms
[2023-05-18T15:33:55.949+0800][gc,phases   ] GC(7)   Merge Heap Roots: 0.0ms
[2023-05-18T15:33:55.949+0800][gc,phases   ] GC(7)   Evacuate Collection Set: 7.3ms
[2023-05-18T15:33:55.949+0800][gc,phases   ] GC(7)   Post Evacuate Collection Set: 0.6ms
[2023-05-18T15:33:55.949+0800][gc,phases   ] GC(7)   Other: 0.1ms
[2023-05-18T15:33:55.949+0800][gc,heap     ] GC(7) Eden regions: 240->0(230)
[2023-05-18T15:33:55.949+0800][gc,heap     ] GC(7) Survivor regions: 16->26(32)
[2023-05-18T15:33:55.949+0800][gc,heap     ] GC(7) Old regions: 6->6
[2023-05-18T15:33:55.949+0800][gc,heap     ] GC(7) Archive regions: 2->2
[2023-05-18T15:33:55.949+0800][gc,heap     ] GC(7) Humongous regions: 5->5
[2023-05-18T15:33:55.949+0800][gc,metaspace] GC(7) Metaspace: 49221K(49600K)->49221K(49600K) NonClass: 43137K(43328K)->43137K(43328K) Class: 6084K(6272K)->6084K(6272K)
[2023-05-18T15:33:55.949+0800][gc          ] GC(7) Pause Young (Normal) (G1 Evacuation Pause) 267M->36M(512M) 8.226ms
[2023-05-18T15:33:55.949+0800][gc,cpu      ] GC(7) User=0.06s Sys=0.00s Real=0.00s
[2023-05-18T15:34:05.590+0800][gc,start    ] GC(8) Pause Young (Normal) (G1 Evacuation Pause)
[2023-05-18T15:34:05.590+0800][gc,task     ] GC(8) Using 8 workers of 8 for evacuation
[2023-05-18T15:34:05.624+0800][gc,phases   ] GC(8)   Pre Evacuate Collection Set: 0.2ms
[2023-05-18T15:34:05.624+0800][gc,phases   ] GC(8)   Merge Heap Roots: 0.1ms
[2023-05-18T15:34:05.624+0800][gc,phases   ] GC(8)   Evacuate Collection Set: 32.9ms
[2023-05-18T15:34:05.624+0800][gc,phases   ] GC(8)   Post Evacuate Collection Set: 1.0ms
[2023-05-18T15:34:05.625+0800][gc,phases   ] GC(8)   Other: 0.1ms
[2023-05-18T15:34:05.625+0800][gc,heap     ] GC(8) Eden regions: 230->0(237)
[2023-05-18T15:34:05.625+0800][gc,heap     ] GC(8) Survivor regions: 26->19(32)
[2023-05-18T15:34:05.625+0800][gc,heap     ] GC(8) Old regions: 6->13
[2023-05-18T15:34:05.625+0800][gc,heap     ] GC(8) Archive regions: 2->2
[2023-05-18T15:34:05.625+0800][gc,heap     ] GC(8) Humongous regions: 7->7
[2023-05-18T15:34:05.625+0800][gc,metaspace] GC(8) Metaspace: 58091K(58624K)->58091K(58624K) NonClass: 50831K(51072K)->50831K(51072K) Class: 7259K(7552K)->7259K(7552K)
[2023-05-18T15:34:05.625+0800][gc          ] GC(8) Pause Young (Normal) (G1 Evacuation Pause) 268M->39M(512M) 34.570ms
[2023-05-18T15:34:05.625+0800][gc,cpu      ] GC(8) User=0.05s Sys=0.08s Real=0.03s
[2023-05-18T15:36:00.481+0800][gc,start    ] GC(9) Pause Young (Concurrent Start) (Metadata GC Threshold)
[2023-05-18T15:36:00.482+0800][gc,task     ] GC(9) Using 8 workers of 8 for evacuation
[2023-05-18T15:36:00.529+0800][gc,phases   ] GC(9)   Pre Evacuate Collection Set: 2.3ms
[2023-05-18T15:36:00.529+0800][gc,phases   ] GC(9)   Merge Heap Roots: 0.3ms
[2023-05-18T15:36:00.529+0800][gc,phases   ] GC(9)   Evacuate Collection Set: 43.3ms
[2023-05-18T15:36:00.529+0800][gc,phases   ] GC(9)   Post Evacuate Collection Set: 0.9ms
[2023-05-18T15:36:00.529+0800][gc,phases   ] GC(9)   Other: 2.1ms
[2023-05-18T15:36:00.529+0800][gc,heap     ] GC(9) Eden regions: 55->0(239)
[2023-05-18T15:36:00.529+0800][gc,heap     ] GC(9) Survivor regions: 19->17(32)
[2023-05-18T15:36:00.529+0800][gc,heap     ] GC(9) Old regions: 13->17
[2023-05-18T15:36:00.529+0800][gc,heap     ] GC(9) Archive regions: 2->2
[2023-05-18T15:36:00.529+0800][gc,heap     ] GC(9) Humongous regions: 9->9
[2023-05-18T15:36:00.529+0800][gc,metaspace] GC(9) Metaspace: 59656K(60160K)->59656K(60160K) NonClass: 52341K(52544K)->52341K(52544K) Class: 7315K(7616K)->7315K(7616K)
[2023-05-18T15:36:00.529+0800][gc          ] GC(9) Pause Young (Concurrent Start) (Metadata GC Threshold) 95M->42M(512M) 48.158ms
[2023-05-18T15:36:00.529+0800][gc,cpu      ] GC(9) User=0.04s Sys=0.06s Real=0.04s
[2023-05-18T15:36:00.529+0800][gc          ] GC(10) Concurrent Mark Cycle
[2023-05-18T15:36:00.530+0800][gc,marking  ] GC(10) Concurrent Clear Claimed Marks
[2023-05-18T15:36:00.530+0800][gc,marking  ] GC(10) Concurrent Clear Claimed Marks 0.046ms
[2023-05-18T15:36:00.530+0800][gc,marking  ] GC(10) Concurrent Scan Root Regions
[2023-05-18T15:36:00.541+0800][gc,marking  ] GC(10) Concurrent Scan Root Regions 11.066ms
[2023-05-18T15:36:00.541+0800][gc,marking  ] GC(10) Concurrent Mark
[2023-05-18T15:36:00.541+0800][gc,marking  ] GC(10) Concurrent Mark From Roots
[2023-05-18T15:36:00.541+0800][gc,task     ] GC(10) Using 2 workers of 2 for marking
[2023-05-18T15:36:00.552+0800][gc,marking  ] GC(10) Concurrent Mark From Roots 11.347ms
[2023-05-18T15:36:00.552+0800][gc,marking  ] GC(10) Concurrent Preclean
[2023-05-18T15:36:00.552+0800][gc,marking  ] GC(10) Concurrent Preclean 0.043ms
[2023-05-18T15:36:00.552+0800][gc,start    ] GC(10) Pause Remark
[2023-05-18T15:36:00.563+0800][gc          ] GC(10) Pause Remark 43M->43M(512M) 10.905ms
[2023-05-18T15:36:00.563+0800][gc,cpu      ] GC(10) User=0.01s Sys=0.01s Real=0.01s
[2023-05-18T15:36:00.563+0800][gc,marking  ] GC(10) Concurrent Mark 22.795ms
[2023-05-18T15:36:00.563+0800][gc,marking  ] GC(10) Concurrent Rebuild Remembered Sets
[2023-05-18T15:36:00.568+0800][gc,marking  ] GC(10) Concurrent Rebuild Remembered Sets 4.800ms
[2023-05-18T15:36:00.568+0800][gc,start    ] GC(10) Pause Cleanup
[2023-05-18T15:36:00.568+0800][gc          ] GC(10) Pause Cleanup 43M->43M(512M) 0.055ms
[2023-05-18T15:36:00.568+0800][gc,cpu      ] GC(10) User=0.00s Sys=0.00s Real=0.00s
[2023-05-18T15:36:00.568+0800][gc,marking  ] GC(10) Concurrent Cleanup for Next Mark
[2023-05-18T15:36:00.569+0800][gc,marking  ] GC(10) Concurrent Cleanup for Next Mark 0.921ms
[2023-05-18T15:36:00.569+0800][gc          ] GC(10) Concurrent Mark Cycle 39.928ms
[2023-05-18T15:46:42.716+0800][gc,start    ] GC(11) Pause Young (Normal) (G1 Evacuation Pause)
[2023-05-18T15:46:42.717+0800][gc,task     ] GC(11) Using 8 workers of 8 for evacuation
[2023-05-18T15:46:42.800+0800][gc,phases   ] GC(11)   Pre Evacuate Collection Set: 5.0ms
[2023-05-18T15:46:42.800+0800][gc,phases   ] GC(11)   Merge Heap Roots: 1.6ms
[2023-05-18T15:46:42.800+0800][gc,phases   ] GC(11)   Evacuate Collection Set: 74.1ms
[2023-05-18T15:46:42.800+0800][gc,phases   ] GC(11)   Post Evacuate Collection Set: 1.6ms
[2023-05-18T15:46:42.800+0800][gc,phases   ] GC(11)   Other: 3.8ms
[2023-05-18T15:46:42.800+0800][gc,heap     ] GC(11) Eden regions: 239->0(239)
[2023-05-18T15:46:42.800+0800][gc,heap     ] GC(11) Survivor regions: 17->17(32)
[2023-05-18T15:46:42.800+0800][gc,heap     ] GC(11) Old regions: 17->17
[2023-05-18T15:46:42.800+0800][gc,heap     ] GC(11) Archive regions: 2->2
[2023-05-18T15:46:42.800+0800][gc,heap     ] GC(11) Humongous regions: 11->11
[2023-05-18T15:46:42.800+0800][gc,metaspace] GC(11) Metaspace: 60946K(61504K)->60946K(61504K) NonClass: 53622K(53888K)->53622K(53888K) Class: 7324K(7616K)->7324K(7616K)
[2023-05-18T15:46:42.800+0800][gc          ] GC(11) Pause Young (Normal) (G1 Evacuation Pause) 283M->44M(512M) 85.094ms
[2023-05-18T15:46:42.800+0800][gc,cpu      ] GC(11) User=0.05s Sys=0.14s Real=0.09s
[2023-05-18T15:57:10.574+0800][gc,start    ] GC(12) Pause Young (Normal) (G1 Evacuation Pause)
[2023-05-18T15:57:10.575+0800][gc,task     ] GC(12) Using 8 workers of 8 for evacuation
[2023-05-18T15:57:10.650+0800][gc,phases   ] GC(12)   Pre Evacuate Collection Set: 2.5ms
[2023-05-18T15:57:10.650+0800][gc,phases   ] GC(12)   Merge Heap Roots: 0.9ms
[2023-05-18T15:57:10.650+0800][gc,phases   ] GC(12)   Evacuate Collection Set: 66.2ms
[2023-05-18T15:57:10.650+0800][gc,phases   ] GC(12)   Post Evacuate Collection Set: 5.0ms
[2023-05-18T15:57:10.650+0800][gc,phases   ] GC(12)   Other: 3.5ms
[2023-05-18T15:57:10.650+0800][gc,heap     ] GC(12) Eden regions: 239->0(241)
[2023-05-18T15:57:10.650+0800][gc,heap     ] GC(12) Survivor regions: 17->15(32)
[2023-05-18T15:57:10.650+0800][gc,heap     ] GC(12) Old regions: 17->17
[2023-05-18T15:57:10.650+0800][gc,heap     ] GC(12) Archive regions: 2->2
[2023-05-18T15:57:10.650+0800][gc,heap     ] GC(12) Humongous regions: 11->11
[2023-05-18T15:57:10.650+0800][gc,metaspace] GC(12) Metaspace: 61102K(61632K)->61102K(61632K) NonClass: 53777K(54016K)->53777K(54016K) Class: 7325K(7616K)->7325K(7616K)
[2023-05-18T15:57:10.650+0800][gc          ] GC(12) Pause Young (Normal) (G1 Evacuation Pause) 283M->43M(512M) 76.999ms
[2023-05-18T15:57:10.650+0800][gc,cpu      ] GC(12) User=0.04s Sys=0.08s Real=0.08s
[2023-05-18T16:07:51.285+0800][gc,start    ] GC(13) Pause Young (Normal) (G1 Evacuation Pause)
[2023-05-18T16:07:51.286+0800][gc,task     ] GC(13) Using 8 workers of 8 for evacuation
[2023-05-18T16:07:51.337+0800][gc,phases   ] GC(13)   Pre Evacuate Collection Set: 1.7ms
[2023-05-18T16:07:51.337+0800][gc,phases   ] GC(13)   Merge Heap Roots: 0.6ms
[2023-05-18T16:07:51.337+0800][gc,phases   ] GC(13)   Evacuate Collection Set: 46.5ms
[2023-05-18T16:07:51.337+0800][gc,phases   ] GC(13)   Post Evacuate Collection Set: 1.6ms
[2023-05-18T16:07:51.337+0800][gc,phases   ] GC(13)   Other: 3.0ms
[2023-05-18T16:07:51.337+0800][gc,heap     ] GC(13) Eden regions: 241->0(240)
[2023-05-18T16:07:51.337+0800][gc,heap     ] GC(13) Survivor regions: 15->16(32)
[2023-05-18T16:07:51.337+0800][gc,heap     ] GC(13) Old regions: 17->17
[2023-05-18T16:07:51.337+0800][gc,heap     ] GC(13) Archive regions: 2->2
[2023-05-18T16:07:51.337+0800][gc,heap     ] GC(13) Humongous regions: 11->11
[2023-05-18T16:07:51.337+0800][gc,metaspace] GC(13) Metaspace: 61285K(61824K)->61285K(61824K) NonClass: 53950K(54208K)->53950K(54208K) Class: 7335K(7616K)->7335K(7616K)
[2023-05-18T16:07:51.337+0800][gc          ] GC(13) Pause Young (Normal) (G1 Evacuation Pause) 284M->44M(512M) 52.578ms
[2023-05-18T16:07:51.337+0800][gc,cpu      ] GC(13) User=0.05s Sys=0.09s Real=0.05s
[2023-05-18T16:18:54.337+0800][gc,start    ] GC(14) Pause Young (Normal) (G1 Evacuation Pause)
[2023-05-18T16:18:54.338+0800][gc,task     ] GC(14) Using 8 workers of 8 for evacuation
[2023-05-18T16:18:54.466+0800][gc,phases   ] GC(14)   Pre Evacuate Collection Set: 2.6ms
[2023-05-18T16:18:54.466+0800][gc,phases   ] GC(14)   Merge Heap Roots: 1.3ms
[2023-05-18T16:18:54.466+0800][gc,phases   ] GC(14)   Evacuate Collection Set: 121.4ms
[2023-05-18T16:18:54.466+0800][gc,phases   ] GC(14)   Post Evacuate Collection Set: 1.8ms
[2023-05-18T16:18:54.467+0800][gc,phases   ] GC(14)   Other: 4.2ms
[2023-05-18T16:18:54.467+0800][gc,heap     ] GC(14) Eden regions: 240->0(239)
[2023-05-18T16:18:54.467+0800][gc,heap     ] GC(14) Survivor regions: 16->17(32)
[2023-05-18T16:18:54.467+0800][gc,heap     ] GC(14) Old regions: 17->17
[2023-05-18T16:18:54.467+0800][gc,heap     ] GC(14) Archive regions: 2->2
[2023-05-18T16:18:54.467+0800][gc,heap     ] GC(14) Humongous regions: 13->13
[2023-05-18T16:18:54.467+0800][gc,metaspace] GC(14) Metaspace: 61382K(61888K)->61382K(61888K) NonClass: 54041K(54272K)->54041K(54272K) Class: 7340K(7616K)->7340K(7616K)
[2023-05-18T16:18:54.467+0800][gc          ] GC(14) Pause Young (Normal) (G1 Evacuation Pause) 286M->46M(512M) 129.808ms
[2023-05-18T16:18:54.467+0800][gc,cpu      ] GC(14) User=0.04s Sys=0.09s Real=0.13s
[2023-05-18T16:31:55.942+0800][gc,start    ] GC(15) Pause Young (Normal) (G1 Evacuation Pause)
[2023-05-18T16:31:55.943+0800][gc,task     ] GC(15) Using 8 workers of 8 for evacuation
[2023-05-18T16:31:56.003+0800][gc,phases   ] GC(15)   Pre Evacuate Collection Set: 4.4ms
[2023-05-18T16:31:56.003+0800][gc,phases   ] GC(15)   Merge Heap Roots: 1.1ms
[2023-05-18T16:31:56.003+0800][gc,phases   ] GC(15)   Evacuate Collection Set: 51.3ms
[2023-05-18T16:31:56.003+0800][gc,phases   ] GC(15)   Post Evacuate Collection Set: 2.4ms
[2023-05-18T16:31:56.004+0800][gc,phases   ] GC(15)   Other: 3.7ms
[2023-05-18T16:31:56.004+0800][gc,heap     ] GC(15) Eden regions: 239->0(240)
[2023-05-18T16:31:56.004+0800][gc,heap     ] GC(15) Survivor regions: 17->16(32)
[2023-05-18T16:31:56.004+0800][gc,heap     ] GC(15) Old regions: 17->17
[2023-05-18T16:31:56.004+0800][gc,heap     ] GC(15) Archive regions: 2->2
[2023-05-18T16:31:56.004+0800][gc,heap     ] GC(15) Humongous regions: 13->13
[2023-05-18T16:31:56.004+0800][gc,metaspace] GC(15) Metaspace: 61417K(61952K)->61417K(61952K) NonClass: 54075K(54336K)->54075K(54336K) Class: 7341K(7616K)->7341K(7616K)
[2023-05-18T16:31:56.004+0800][gc          ] GC(15) Pause Young (Normal) (G1 Evacuation Pause) 285M->45M(512M) 62.654ms
[2023-05-18T16:31:56.004+0800][gc,cpu      ] GC(15) User=0.05s Sys=0.08s Real=0.06s
[2023-05-18T16:45:05.234+0800][gc,start    ] GC(16) Pause Young (Normal) (G1 Evacuation Pause)
[2023-05-18T16:45:05.235+0800][gc,task     ] GC(16) Using 8 workers of 8 for evacuation
[2023-05-18T16:45:05.290+0800][gc,phases   ] GC(16)   Pre Evacuate Collection Set: 2.7ms
[2023-05-18T16:45:05.290+0800][gc,phases   ] GC(16)   Merge Heap Roots: 0.8ms
[2023-05-18T16:45:05.290+0800][gc,phases   ] GC(16)   Evacuate Collection Set: 48.4ms
[2023-05-18T16:45:05.290+0800][gc,phases   ] GC(16)   Post Evacuate Collection Set: 1.9ms
[2023-05-18T16:45:05.290+0800][gc,phases   ] GC(16)   Other: 2.6ms
[2023-05-18T16:45:05.290+0800][gc,heap     ] GC(16) Eden regions: 240->0(240)
[2023-05-18T16:45:05.290+0800][gc,heap     ] GC(16) Survivor regions: 16->16(32)
[2023-05-18T16:45:05.290+0800][gc,heap     ] GC(16) Old regions: 17->17
[2023-05-18T16:45:05.290+0800][gc,heap     ] GC(16) Archive regions: 2->2
[2023-05-18T16:45:05.290+0800][gc,heap     ] GC(16) Humongous regions: 13->13
[2023-05-18T16:45:05.290+0800][gc,metaspace] GC(16) Metaspace: 61476K(62016K)->61476K(62016K) NonClass: 54135K(54400K)->54135K(54400K) Class: 7341K(7616K)->7341K(7616K)
[2023-05-18T16:45:05.290+0800][gc          ] GC(16) Pause Young (Normal) (G1 Evacuation Pause) 285M->45M(512M) 55.924ms
[2023-05-18T16:45:05.290+0800][gc,cpu      ] GC(16) User=0.06s Sys=0.10s Real=0.06s
[2023-05-18T16:46:44.325+0800][gc,heap,exit] Heap
[2023-05-18T16:46:44.325+0800][gc,heap,exit]  garbage-first heap   total 524288K, used 79321K [0x00000007e0000000, 0x0000000800000000)
[2023-05-18T16:46:44.325+0800][gc,heap,exit]   region size 1024K, 48 young (49152K), 16 survivors (16384K)
[2023-05-18T16:46:44.325+0800][gc,heap,exit]  Metaspace       used 61601K, committed 62080K, reserved 1105920K
[2023-05-18T16:46:44.325+0800][gc,heap,exit]   class space    used 7360K, committed 7616K, reserved 1048576K
